User-defined configuration file (../part_c_nvsim/configs/STT_cache_lowreset_resized.cfg) is loaded

Memory Cell: MRAM (Magnetoresistive)
Cell Area (F^2)    : 54.000 (10.392Fx5.196F)
Cell Aspect Ratio  : 2.000
Cell Turned-On Resistance : 3.000Kohm
Cell Turned-Off Resistance: 6.000Kohm
Read Mode: Current-Sensing
  - Read Current: 40.000uA
Reset Mode: Current
  - Reset Current: 100.000uA
  - Reset Pulse: 10.000ns
Set Mode: Current
  - Set Current: 200.000uA
  - Set Pulse: 10.000ns
Access Type: CMOS

====================
DESIGN SPECIFICATION
====================
Design Target: Cache
Capacity   : 2MB
Cache Line Size: 64Bytes
Cache Associativity: 8 Ways

Searching for the best solution that is optimized for read energy-delay-product ...

=======================
CACHE DESIGN -- SUMMARY
=======================
Access Mode: Sequential
Area:
 - Total Area = 2.409mm^2
 |--- Data Array Area = 2007.238um x 990.906um = 1.989mm^2
 |--- Tag Array Area  = 1379.746um x 304.217um = 0.420mm^2
Timing:
 - Cache Hit Latency   = 4.063ns
 - Cache Miss Latency  = 1.143ns
 - Cache Write Latency = 12.521ns
Power:
 - Cache Hit Dynamic Energy   = 0.289nJ per access
 - Cache Miss Dynamic Energy  = 0.092nJ per access
 - Cache Write Dynamic Energy = 1.758nJ per access
 - Cache Total Leakage Power  = 131.265mW
 |--- Cache Data Array Leakage Power = 92.298mW
 |--- Cache Tag Array Leakage Power  = 38.967mW

CACHE DATA ARRAY
=============
CONFIGURATION
=============
Bank Organization: 1 x 1
 - Row Activation   : 1 / 1
 - Column Activation: 1 / 1
Mat Organization: 2 x 2
 - Row Activation   : 2 / 2
 - Column Activation: 2 / 2
 - Subarray Size    : 2048 Rows x 2048 Columns
Mux Level:
 - Senseamp Mux      : 16
 - Output Level-1 Mux: 1
 - Output Level-2 Mux: 1
 - One set is partitioned into 1 rows
Local Wire:
 - Wire Type : Local Aggressive
 - Repeater Type: No Repeaters
 - Low Swing : No
Global Wire:
 - Wire Type : Global Aggressive
 - Repeater Type: No Repeaters
 - Low Swing : No
Buffer Design Style: Latency-Optimized
=============
   RESULT
=============
Area:
 - Total Area = 2.007mm x 990.906um = 1.989mm^2
 |--- Mat Area      = 2.007mm x 990.906um = 1.989mm^2   (92.237%)
 |--- Subarray Area = 988.537um x 495.453um = 489773.932um^2   (93.645%)
 - Area Efficiency = 92.237%
Timing:
 -  Read Latency = 2.920ns
 |--- H-Tree Latency = 0.000ps
 |--- Mat Latency    = 2.920ns
    |--- Predecoder Latency = 173.024ps
    |--- Subarray Latency   = 2.747ns
       |--- Row Decoder Latency = 1.054ns
       |--- Bitline Latency     = 875.120ps
       |--- Senseamp Latency    = 805.047ps
       |--- Mux Latency         = 12.699ps
       |--- Precharge Latency   = 2.179ns
 - Write Latency = 12.521ns
 |--- H-Tree Latency = 0.000ps
 |--- Mat Latency    = 12.521ns
    |--- Predecoder Latency = 173.024ps
    |--- Subarray Latency   = 12.348ns
       |--- Write Pulse Duration = 10.000ns
       |--- Row Decoder Latency = 1.054ns
       |--- Charge Latency      = 1.399ns
 - Read Bandwidth  = 16.531GB/s
 - Write Bandwidth = 5.183GB/s
Power:
 -  Read Dynamic Energy = 196.863pJ
 |--- H-Tree Dynamic Energy = 0.000pJ
 |--- Mat Dynamic Energy    = 196.863pJ per mat
    |--- Predecoder Dynamic Energy = 0.924pJ
    |--- Subarray Dynamic Energy   = 48.985pJ per active subarray
       |--- Row Decoder Dynamic Energy = 0.542pJ
       |--- Mux Decoder Dynamic Energy = 1.458pJ
       |--- Bitline & Cell Read Energy = 29.883pJ
       |--- Senseamp Dynamic Energy    = 13.300pJ
       |--- Mux Dynamic Energy         = 1.029pJ
       |--- Precharge Dynamic Energy   = 2.773pJ
 - Write Dynamic Energy = 1.219nJ
 |--- H-Tree Dynamic Energy = 0.000pJ
 |--- Mat Dynamic Energy    = 1.219nJ per mat
    |--- Predecoder Dynamic Energy = 0.924pJ
    |--- Subarray Dynamic Energy   = 304.415pJ per active subarray
       |--- Row Decoder Dynamic Energy = 0.542pJ
       |--- Mux Decoder Dynamic Energy = 1.458pJ
       |--- Mux Dynamic Energy         = 1.029pJ
       |--- Bitline & Cell Write Energy= 173.386pJ
 - Leakage Power = 92.298mW
 |--- H-Tree Leakage Power = 0.000pW
 |--- Mat Leakage Power    = 92.298mW per mat

CACHE TAG ARRAY
=============
CONFIGURATION
=============
Bank Organization: 1 x 4
 - Row Activation   : 1 / 1
 - Column Activation: 1 / 4
Mat Organization: 2 x 2
 - Row Activation   : 2 / 2
 - Column Activation: 1 / 2
 - Subarray Size    : 512 Rows x 128 Columns
Mux Level:
 - Senseamp Mux      : 1
 - Output Level-1 Mux: 1
 - Output Level-2 Mux: 1
 - One set is partitioned into 1 rows
Local Wire:
 - Wire Type : Local Aggressive
 - Repeater Type: No Repeaters
 - Low Swing : No
Global Wire:
 - Wire Type : Global Aggressive
 - Repeater Type: No Repeaters
 - Low Swing : No
Buffer Design Style: Latency-Optimized
=============
   RESULT
=============
Area:
 - Total Area = 1.380mm x 304.217um = 419742.620um^2
 |--- Mat Area      = 1.380mm x 76.054um = 104935.655um^2   (27.317%)
 |--- Subarray Area = 677.649um x 38.027um = 25769.074um^2   (27.810%)
 - Area Efficiency = 27.317%
Timing:
 -  Read Latency = 1.143ns
 |--- H-Tree Latency = 6.545ps
 |--- Mat Latency    = 1.136ns
    |--- Predecoder Latency = 141.836ps
    |--- Subarray Latency   = 965.120ps
       |--- Row Decoder Latency = 89.668ps
       |--- Bitline Latency     = 69.335ps
       |--- Senseamp Latency    = 806.117ps
       |--- Mux Latency         = 0.000ps
       |--- Precharge Latency   = 317.855ps
    |--- Comparator Latency  = 29.249ps
 - Write Latency = 10.298ns
 |--- H-Tree Latency = 3.272ps
 |--- Mat Latency    = 10.294ns
    |--- Predecoder Latency = 141.836ps
    |--- Subarray Latency   = 10.152ns
       |--- Write Pulse Duration = 10.000ns
       |--- Row Decoder Latency = 89.668ps
       |--- Charge Latency      = 78.228ps
 - Read Bandwidth  = 3.352GB/s
 - Write Bandwidth = 393.995MB/s
Power:
 -  Read Dynamic Energy = 92.030pJ
 |--- H-Tree Dynamic Energy = 3.492pJ
 |--- Mat Dynamic Energy    = 88.538pJ per mat
    |--- Predecoder Dynamic Energy = 1.285pJ
    |--- Subarray Dynamic Energy   = 43.627pJ per active subarray
       |--- Row Decoder Dynamic Energy = 0.048pJ
       |--- Mux Decoder Dynamic Energy = 0.128pJ
       |--- Bitline & Cell Read Energy = 29.923pJ
       |--- Senseamp Dynamic Energy    = 13.335pJ
       |--- Mux Dynamic Energy         = 0.000pJ
       |--- Precharge Dynamic Energy   = 0.192pJ
 - Write Dynamic Energy = 539.807pJ
 |--- H-Tree Dynamic Energy = 3.492pJ
 |--- Mat Dynamic Energy    = 536.315pJ per mat
    |--- Predecoder Dynamic Energy = 1.285pJ
    |--- Subarray Dynamic Energy   = 267.515pJ per active subarray
       |--- Row Decoder Dynamic Energy = 0.048pJ
       |--- Mux Decoder Dynamic Energy = 0.128pJ
       |--- Mux Dynamic Energy         = 0.000pJ
       |--- Bitline & Cell Write Energy= 139.339pJ
 - Leakage Power = 38.967mW
 |--- H-Tree Leakage Power = 0.000pW
 |--- Mat Leakage Power    = 9.742mW per mat

Finished!
