User-defined configuration file (../part_c_nvsim/configs/STT_cache.cfg) is loaded

Memory Cell: MRAM (Magnetoresistive)
Cell Area (F^2)    : 54.000 (10.392Fx5.196F)
Cell Aspect Ratio  : 2.000
Cell Turned-On Resistance : 3.000Kohm
Cell Turned-Off Resistance: 6.000Kohm
Read Mode: Current-Sensing
  - Read Current: 40.000uA
Reset Mode: Current
  - Reset Current: 200.000uA
  - Reset Pulse: 10.000ns
Set Mode: Current
  - Set Current: 200.000uA
  - Set Pulse: 10.000ns
Access Type: CMOS

====================
DESIGN SPECIFICATION
====================
Design Target: Cache
Capacity   : 2MB
Cache Line Size: 64Bytes
Cache Associativity: 8 Ways

Searching for the best solution that is optimized for read energy-delay-product ...

=======================
CACHE DESIGN -- SUMMARY
=======================
Access Mode: Sequential
Area:
 - Total Area = 2.888mm^2
 |--- Data Array Area = 2237.393um x 1090.361um = 2.440mm^2
 |--- Tag Array Area  = 701.756um x 638.919um = 0.448mm^2
Timing:
 - Cache Hit Latency   = 2.533ns
 - Cache Miss Latency  = 1.107ns
 - Cache Write Latency = 10.526ns
Power:
 - Cache Hit Dynamic Energy   = 0.559nJ per access
 - Cache Miss Dynamic Energy  = 0.098nJ per access
 - Cache Write Dynamic Energy = 1.901nJ per access
 - Cache Total Leakage Power  = 433.932mW
 |--- Cache Data Array Leakage Power = 378.181mW
 |--- Cache Tag Array Leakage Power  = 55.751mW

CACHE DATA ARRAY
=============
CONFIGURATION
=============
Bank Organization: 4 x 4
 - Row Activation   : 1 / 4
 - Column Activation: 4 / 4
Mat Organization: 2 x 2
 - Row Activation   : 2 / 2
 - Column Activation: 2 / 2
 - Subarray Size    : 512 Rows x 512 Columns
Mux Level:
 - Senseamp Mux      : 16
 - Output Level-1 Mux: 1
 - Output Level-2 Mux: 1
 - One set is partitioned into 1 rows
Local Wire:
 - Wire Type : Local Aggressive
 - Repeater Type: No Repeaters
 - Low Swing : No
Global Wire:
 - Wire Type : Global Aggressive
 - Repeater Type: No Repeaters
 - Low Swing : No
Buffer Design Style: Latency-Optimized
=============
   RESULT
=============
Area:
 - Total Area = 2.237mm x 1.090mm = 2.440mm^2
 |--- Mat Area      = 559.348um x 272.590um = 152472.839um^2   (75.201%)
 |--- Subarray Area = 270.221um x 136.295um = 36829.826um^2   (77.832%)
 - Area Efficiency = 75.201%
Timing:
 -  Read Latency = 1.426ns
 |--- H-Tree Latency = 172.576ps
 |--- Mat Latency    = 1.254ns
    |--- Predecoder Latency = 125.971ps
    |--- Subarray Latency   = 1.128ns
       |--- Row Decoder Latency = 219.028ps
       |--- Bitline Latency     = 90.828ps
       |--- Senseamp Latency    = 805.047ps
       |--- Mux Latency         = 12.699ps
       |--- Precharge Latency   = 429.135ps
 - Write Latency = 10.526ns
 |--- H-Tree Latency = 86.288ps
 |--- Mat Latency    = 10.440ns
    |--- Predecoder Latency = 125.971ps
    |--- Subarray Latency   = 10.314ns
       |--- Write Pulse Duration = 10.000ns
       |--- Row Decoder Latency = 219.028ps
       |--- Charge Latency      = 156.357ps
 - Read Bandwidth  = 47.843GB/s
 - Write Bandwidth = 6.205GB/s
Power:
 -  Read Dynamic Energy = 461.108pJ
 |--- H-Tree Dynamic Energy = 260.463pJ
 |--- Mat Dynamic Energy    = 50.161pJ per mat
    |--- Predecoder Dynamic Energy = 0.303pJ
    |--- Subarray Dynamic Energy   = 12.465pJ per active subarray
       |--- Row Decoder Dynamic Energy = 0.259pJ
       |--- Mux Decoder Dynamic Energy = 0.427pJ
       |--- Bitline & Cell Read Energy = 7.471pJ
       |--- Senseamp Dynamic Energy    = 3.325pJ
       |--- Mux Dynamic Energy         = 0.257pJ
       |--- Precharge Dynamic Energy   = 0.725pJ
 - Write Dynamic Energy = 1.363nJ
 |--- H-Tree Dynamic Energy = 260.463pJ
 |--- Mat Dynamic Energy    = 275.546pJ per mat
    |--- Predecoder Dynamic Energy = 0.303pJ
    |--- Subarray Dynamic Energy   = 68.811pJ per active subarray
       |--- Row Decoder Dynamic Energy = 0.259pJ
       |--- Mux Decoder Dynamic Energy = 0.427pJ
       |--- Mux Dynamic Energy         = 0.257pJ
       |--- Bitline & Cell Write Energy= 67.867pJ
 - Leakage Power = 378.181mW
 |--- H-Tree Leakage Power = 0.000pW
 |--- Mat Leakage Power    = 23.636mW per mat

CACHE TAG ARRAY
=============
CONFIGURATION
=============
Bank Organization: 1 x 8
 - Row Activation   : 1 / 1
 - Column Activation: 1 / 8
Mat Organization: 2 x 2
 - Row Activation   : 2 / 2
 - Column Activation: 2 / 2
 - Subarray Size    : 256 Rows x 128 Columns
Mux Level:
 - Senseamp Mux      : 2
 - Output Level-1 Mux: 1
 - Output Level-2 Mux: 1
 - One set is partitioned into 1 rows
Local Wire:
 - Wire Type : Local Aggressive
 - Repeater Type: No Repeaters
 - Low Swing : No
Global Wire:
 - Wire Type : Global Aggressive
 - Repeater Type: No Repeaters
 - Low Swing : No
Buffer Design Style: Latency-Optimized
=============
   RESULT
=============
Area:
 - Total Area = 701.756um x 638.919um = 448364.970um^2
 |--- Mat Area      = 701.756um x 79.865um = 56045.621um^2   (25.573%)
 |--- Subarray Area = 341.740um x 39.932um = 13646.499um^2   (26.257%)
 - Area Efficiency = 25.573%
Timing:
 -  Read Latency = 1.107ns
 |--- H-Tree Latency = 30.311ps
 |--- Mat Latency    = 1.076ns
    |--- Predecoder Latency = 115.899ps
    |--- Subarray Latency   = 931.096ps
       |--- Row Decoder Latency = 98.779ps
       |--- Bitline Latency     = 24.393ps
       |--- Senseamp Latency    = 804.836ps
       |--- Mux Latency         = 3.088ps
       |--- Precharge Latency   = 194.017ps
    |--- Comparator Latency  = 29.249ps
 - Write Latency = 10.253ns
 |--- H-Tree Latency = 15.156ps
 |--- Mat Latency    = 10.237ns
    |--- Predecoder Latency = 115.899ps
    |--- Subarray Latency   = 10.121ns
       |--- Write Pulse Duration = 10.000ns
       |--- Row Decoder Latency = 98.779ps
       |--- Charge Latency      = 51.734ps
 - Read Bandwidth  = 3.897GB/s
 - Write Bandwidth = 395.200MB/s
Power:
 -  Read Dynamic Energy = 98.024pJ
 |--- H-Tree Dynamic Energy = 8.518pJ
 |--- Mat Dynamic Energy    = 89.506pJ per mat
    |--- Predecoder Dynamic Energy = 1.074pJ
    |--- Subarray Dynamic Energy   = 22.108pJ per active subarray
       |--- Row Decoder Dynamic Energy = 0.079pJ
       |--- Mux Decoder Dynamic Energy = 0.128pJ
       |--- Bitline & Cell Read Energy = 14.938pJ
       |--- Senseamp Dynamic Energy    = 6.646pJ
       |--- Mux Dynamic Energy         = 0.125pJ
       |--- Precharge Dynamic Energy   = 0.192pJ
 - Write Dynamic Energy = 538.476pJ
 |--- H-Tree Dynamic Energy = 8.518pJ
 |--- Mat Dynamic Energy    = 529.958pJ per mat
    |--- Predecoder Dynamic Energy = 1.074pJ
    |--- Subarray Dynamic Energy   = 132.221pJ per active subarray
       |--- Row Decoder Dynamic Energy = 0.079pJ
       |--- Mux Decoder Dynamic Energy = 0.128pJ
       |--- Mux Dynamic Energy         = 0.125pJ
       |--- Bitline & Cell Write Energy= 131.889pJ
 - Leakage Power = 55.751mW
 |--- H-Tree Leakage Power = 0.000pW
 |--- Mat Leakage Power    = 6.969mW per mat

Finished!
