warn: The se.py script is deprecated. It will be removed in future releases of  gem5.
warn: Base 10 memory/cache size 4GB will be cast to base 2 size 4GiB.
warn: Base 10 memory/cache size 2MB will be cast to base 2 size 2MiB.
warn: Base 10 memory/cache size 32kB will be cast to base 2 size 32KiB.
warn: Base 10 memory/cache size 32kB will be cast to base 2 size 32KiB.
warn: Base 10 memory/cache size 2MB will be cast to base 2 size 2MiB.
Global frequency set at 1000000000000 ticks per second
warn: No dot file generated. Please install pydot to generate the dot file and pdf.
src/mem/dram_interface.cc:690: warn: DRAM device capacity (16384 Mbytes) does not match the address range assigned (4096 Mbytes)
src/base/statistics.hh:279: warn: One of the stats is a legacy stat. Legacy stat is a stat that does not belong to any statistics::Group. Legacy stat is deprecated.
src/base/stats/storage.hh:278: warn: Bucket size (4) does not divide range [1:32] into equal-sized buckets. Rounding up.
src/base/stats/storage.hh:278: warn: Bucket size (4) does not divide range [1:8] into equal-sized buckets. Rounding up.
src/base/remote_gdb.cc:418: warn: Sockets disabled, not accepting gdb connections
gem5 Simulator System.  https://www.gem5.org
gem5 is copyrighted software; use the --copyright option for details.

gem5 version 25.1.0.1
gem5 compiled Sep  6 2026 07:14:29
gem5 started Sep  6 2026 08:51:51
gem5 executing on DESKTOP-DPLD80C, pid 22116
command line: ./build/X86/gem5.opt --outdir=../part_e_gem5/results/sram_sssp configs/deprecated/example/se.py --cpu-type=O3CPU --caches --l2cache --l1d_size=32kB --l1i_size=32kB --l2_size=2MB --l2_assoc=8 --mem-type=DDR4_2400_8x8 --mem-size=4GB --cmd=../gapbs-src/sssp '--options=-g 18'

info: Standard input is not a terminal, disabling listeners.
**** REAL SIMULATION ****
src/sim/mem_state.cc:443: info: Increasing stack size by one page.
src/sim/syscall_emul.cc:86: warn: ignoring syscall set_robust_list(...)
src/sim/syscall_emul.cc:86: warn: ignoring syscall rseq(...)
src/sim/syscall_emul.cc:86: warn: ignoring syscall mprotect(...)
src/sim/syscall_emul.cc:86: warn: ignoring syscall mprotect(...)
src/sim/syscall_emul.cc:86: warn: ignoring syscall mprotect(...)
src/sim/syscall_emul.cc:86: warn: ignoring syscall mprotect(...)
src/sim/syscall_emul.cc:86: warn: ignoring syscall mprotect(...)
src/sim/syscall_emul.cc:86: warn: ignoring syscall mprotect(...)
src/sim/syscall_emul.cc:86: warn: ignoring syscall mprotect(...)
src/sim/mem_state.cc:443: info: Increasing stack size by one page.
src/sim/mem_state.cc:443: info: Increasing stack size by one page.
Generate Time:       1.14633
Build Time:          1.02413
Graph has 262143 nodes and 3805449 undirected edges for degree: 14
Trial Time:          0.11513
Trial Time:          0.11438
Trial Time:          0.11459
Trial Time:          0.11442
Trial Time:          0.11428
Trial Time:          0.11426
Trial Time:          0.11452
Trial Time:          0.11450
Trial Time:          0.11449
Trial Time:          0.11435
Trial Time:          0.11485
Trial Time:          0.11478
Trial Time:          0.11441
Trial Time:          0.11423
Trial Time:          0.11480
Trial Time:          0.11448
Average Time:        0.11453
Exiting @ tick 4553539487500 because exiting with last active thread context
