W 268435520
W 268435584
R 268435520
R 268435584
R 268435520
R 268435456
W 268435520
R 268435584
R 268435648
R 268435712
R 268435776
R 515087296
R 471659520
W 471659456
W 471659520
W 471659584
W 393414080
R 393414208
R 393414272
R 393414336
R 393414400
R 393414336
R 393414400
R 393414464
W 393414400
R 393414528
R 514779648
R 514779584
W 514779712
W 514779776
R 514779904
R 514779968
R 514780096
W 514780032
W 514779968
R 514780032
W 514780096
R 514780160
W 514780224
W 514780160
W 428661760
R 428661824
W 428661760
R 268742464
W 268742528
R 433530816
W 433530752
W 433530880
R 335952576
R 335952512
R 335952448
W 335952384
R 335952448
R 335952512
R 335952576
R 335952640
R 335952704
R 335952768
R 445832896
R 445833024
R 445832960
W 445833088
R 445833152
R 445833280
R 445833344
R 445833408
R 445833536
R 445833664
W 506339456
R 320999744
W 276358464
R 395340672
W 395340736
R 356824320
W 410815232
R 410815296
R 529715136
R 529715200
R 529715264
W 529715200
W 529715264
R 529715328
R 529715392
R 400621312
R 400621376
R 400621312
R 400621376
R 400621440
R 307381696
W 307381632
R 307381696
W 307381760
R 466823744
W 466823680
R 466823616
W 429163136
R 429163200
R 351890880
R 351890944
R 351891008
R 351891072
R 351891136
R 351891200
R 351891328
R 351891392
R 348458304
R 347942656
W 347942720
W 347942784
R 347942848
W 347942784
W 347942720
W 395532800
W 363489664
W 363489728
R 363489792
R 363489856
R 363489984
R 515558848
R 390624832
R 390624960
R 418289536
R 418289472
R 418289536
R 410956608
W 410956672
W 410956608
R 410956544
R 410956672
R 374217856
R 374217920
W 374217984
R 374218048
R 374218112
R 374218240
R 430006656
R 431577024
R 431576960
R 431577088
W 431577216
R 359537792
R 359537728
R 394529536
R 394529600
R 394529728
R 394529856
W 394529920
R 394530048
W 394530112
W 325659072
R 325659008
R 325659072
W 438783488
W 497540096
W 497540160
W 497540224
W 417315840
R 417315904
R 417315968
R 417315904
R 417316032
R 417316096
R 417316224
R 417316352
W 417316416
R 417316544
W 428751872
R 493395776
W 493395712
R 493395776
R 493395840
W 493395904
W 282912896
R 282912960
R 282913088
R 282913152
R 282913280
R 494761344
W 494761408
R 494761472
W 494761536
W 375466368
R 375466432
W 375466368
W 375466432
W 375466368
W 375466432
W 375466496
R 375466624
R 375466688
R 398814208
W 398814144
W 398814080
R 398814208
R 398814272
R 398814400
W 515256128
W 515256064
W 515256000
R 515255936
R 314962240
R 314962368
R 314962432
R 366059968
R 366060032
R 416755968
R 416756032
R 416756160
R 416756288
R 416756352
R 416756416
R 416756544
R 416756480
R 416756544
R 416756608
R 416756672
W 416756736
W 420369216
R 427481536
W 427481600
W 427481664
R 427481728
W 427481792
R 427481920
R 427481984
W 329685504
R 329685568
R 329685632
R 329685696
W 329685632
R 329685568
W 329685696
W 329685632
R 329685568
W 321711040
R 321711104
R 321711168
R 321711232
R 321711360
W 321711424
W 321711488
R 321711424
R 496680192
W 496680256
R 306773312
W 306773248
R 306773312
R 306773376
R 533539712
W 533539840
R 533539904
W 279573056
R 279573120
R 279573184
R 279573248
W 279573376
R 279573504
R 279573568
R 279573632
R 279573568
R 279573632
W 485425280
R 269053376
R 269053504
W 269053440
R 269053504
R 269053568
R 269053632
W 269053696
R 269053760
R 269053824
R 269053888
W 269053824
W 269053952
R 269053888
R 269053824
R 305914432
R 305914560
W 305914624
W 305914688
W 305914816
R 305914944
R 305914880
W 369717376
R 369717504
R 369717568
R 369717696
R 369717760
W 369717696
W 369717760
W 369717696
R 369717760
R 369717824
R 369717888
W 369717952
W 472451392
W 472451520
R 472451584
W 472451648
W 472451776
R 472451840
R 472451904
R 472451968
R 472452032
R 472452096
R 472452224
R 472452160
R 472452224
W 472452352
R 472452416
R 429042624
R 429042688
W 429042816
R 429042944
R 429043008
R 480932032
W 480932096
W 480932160
R 480932224
R 480932288
R 480932352
R 289600256
R 289600192
R 289600256
R 289600320
R 289600384
R 356774528
W 527125504
W 527125568
R 527125632
W 481794112
R 464809408
R 464809472
R 464809536
R 467868800
R 467868864
W 444532480
R 444532544
R 444532608
W 444532672
R 444532800
R 444532736
R 444532672
W 444532736
R 444532864
R 418619776
R 418619904
R 418619968
W 418619904
R 418619968
W 418620032
R 317652224
W 317652160
R 317652224
R 317652160
R 379652160
R 393525632
R 393525568
W 346114176
R 346114240
R 339196736
R 339196800
R 339196864
R 339196800
W 339196928
R 339196992
R 339196928
R 339196864
R 339196928
R 339197056
R 339197184
R 339197120
R 339197056
R 339197120
R 339197184
W 339197248
W 339197184
W 339197312
R 339197440
R 339197504
W 339197568
R 339197696
R 318487936
W 318488000
W 318487936
R 318488000
W 495497920
R 495497984
R 495497920
R 495498048
R 495497984
R 495497920
W 495497856
R 282530368
R 282530432
W 282530496
W 282530560
R 282530688
R 282530752
R 282530880
R 282530944
R 282530880
R 351961728
R 351961792
R 351961920
W 351961984
R 351962112
R 351962048
R 351962112
R 297846272
W 297846336
R 297846400
R 297846528
R 297846592
R 458577472
R 291146304
W 291146368
R 291146304
R 291146368
R 291146432
W 515448064
R 315749824
R 315749952
W 315750080
R 315750144
R 315750080
W 315750144
R 315750208
R 315750272
R 315750336
R 315750464
R 315750400
W 441956544
R 441956608
W 441956672
R 441956736
R 441956864
R 441956928
R 316912960
R 316913088
R 290459328
R 369495744
W 369495808
W 369495872
R 369495936
R 369496064
R 369496128
W 369496256
W 369496320
R 369496384
R 369496512
W 369496448
R 369496384
W 434989824
R 434989952
R 434990016
W 434990080
R 434990016
R 434989952
W 434990016
R 434990144
R 351620992
R 322734976
R 322734912
R 322734848
R 322734912
W 322734848
R 322734976
W 322735040
R 322735168
W 322735296
W 322735232
W 322735296
W 322735424
W 342737600
W 342737728
W 342737792
R 342737856
R 342737920
R 342738048
W 510632896
R 491181504
R 491181568
R 491181632
W 448443072
W 448443136
W 448443200
R 448443136
R 448443200
R 448443136
R 448443200
R 448443264
R 448443392
R 536779200
R 536779136
R 536779200
R 536779264
R 536779328
R 536779264
R 536779200
R 536779328
R 536779392
R 536779456
W 536779520
R 536779584
W 536779648
W 536779776
W 536779840
R 536779968
W 536780032
R 536780096
R 522590016
R 522590080
W 294100032
W 294100096
W 294100224
R 476013760
R 476013888
W 476013952
R 476014016
R 365317248
R 365317312
R 365317440
R 365317568
R 365317632
R 365317696
R 365317760
W 365317824
R 365317760
R 365317824
R 365317888
R 285822144
R 285822208
R 285822144
R 285822208
R 285822272
R 285822208
W 285822272
W 285822336
R 285822464
R 285822528
W 507402688
R 440012800
R 440012736
W 352995392
W 361899840
W 361899904
W 361899968
R 361899904
R 361899840
R 303733696
R 525416768
R 525416704
R 308252480
R 308252544
W 366126144
W 366126080
R 366126144
R 366126208
W 366126272
W 366126336
R 366126272
R 366126208
R 366126272
R 366126336
R 366126272
W 290551424
W 290551488
R 290551552
R 290551680
R 290551616
R 527714432
R 486454720
R 486454784
R 486454912
W 486454976
W 486455040
R 486455104
R 486455168
R 486455232
W 486455360
W 486455424
R 436322944
R 436322880
R 535459072
W 513909248
R 513909312
W 513909248
R 513909376
R 513909440
W 464810816
R 464810944
R 464811008
R 464810944
R 464810880
R 464810944
R 464811008
R 464811072
R 464811008
W 464811072
R 464811136
W 464811200
W 464811328
R 464811392
R 464811328
R 464811392
R 464811456
W 433618688
R 433618752
R 433618688
R 433618624
W 433618560
R 433618624
R 327435136
R 327435264
R 327435392
W 327435520
W 327435584
R 327435520
R 327435456
W 515215424
R 515215488
R 410363776
R 410363840
W 410363904
R 410364032
R 410364096
R 410364032
W 453728192
R 424371008
R 310864000
W 310864064
R 310864000
R 310864064
R 310864000
R 310863936
R 310864000
R 310864064
W 310864000
R 310864128
R 310864192
R 310864256
W 310864320
W 310864384
W 310864512
W 310864576
R 310864512
R 448309760
W 533602624
R 533602560
R 533602624
W 533602688
W 533602752
R 533602816
W 486131392
R 486131456
R 486131520
R 272102336
W 272102400
R 272102336
R 272102400
R 272102464
R 272102528
R 272102592
R 272102656
R 272102592
W 272102720
W 385694272
W 385694208
R 385694336
R 385694272
R 376967488
W 376967552
W 376967616
R 376967552
R 376967616
R 376967680
W 376967744
W 376967808
R 376967872
W 376967808
W 305489792
R 305489856
R 305489984
W 509241984
R 470108608
R 339833792
W 339833856
W 339833920
W 339833984
R 517008768
R 517008704
R 517008832
R 517008896
W 517008832
R 276835200
R 276835136
R 276835200
R 276835328
R 276835392
W 394149952
R 394150016
R 394150080
R 387106816
W 387106752
R 362459328
R 362459456
W 362459584
R 362459712
W 362459776
R 362459840
W 362459968
R 362460096
R 362460160
W 362460224
R 318076672
R 296103936
R 296103872
W 296103808
R 296103936
W 431208256
W 431208320
W 431208448
R 431208512
W 431208576
R 431208512
R 431208576
W 431208640
W 431208704
R 431208832
R 346777088
R 346777024
R 346777088
W 346777024
R 346777088
R 531821952
R 531822016
R 531822144
R 299966976
W 308341248
R 308341312
R 392685312
R 392685376
R 392685312
R 527853696
R 527853632
W 527853568
R 527853632
W 499597632
W 325889408
R 325889472
R 325889536
W 325889600
W 325889664
R 325889728
R 285445888
R 285445824
R 285445888
R 446284992
W 319632448
R 391790400
R 523717696
W 418959552
R 418959616
W 276841792
W 276841920
R 276841856
R 477362304
W 477362432
R 477362496
R 297263488
R 297263552
R 297263488
R 297263552
R 297263680
R 297263808
R 297263936
W 297264000
R 297264064
W 297264128
R 297264192
R 507201152
R 507201216
R 507201152
R 507201216
R 507201152
R 507201280
W 507201344
R 507201408
R 507201536
R 507201600
R 507201728
R 507201792
R 534617344
R 534617408
R 534617536
R 534617600
R 534617536
R 534617600
W 534617728
W 534617856
R 534617920
R 479390848
R 375702272
R 375702208
R 375702272
W 375702336
R 375702464
R 375702528
W 375702656
R 375702592
W 375702528
R 493008896
W 493008960
R 314059776
R 314059840
W 314059776
W 314059904
R 314060032
R 314060096
R 314060032
R 314060096
R 314060032
R 314060096
R 314060160
R 344496704
R 344496768
R 344496832
R 344496896
R 344496960
R 344497024
R 344497088
R 344497152
W 392911936
R 392912000
W 392912064
R 509799168
R 509799232
R 509799296
R 509799232
R 509799360
R 509799488
R 509799424
R 509799488
W 361060416
W 361060480
R 361060544
R 361060608
R 361060544
R 361060480
R 361060416
R 361060480
R 361060544
W 297217728
R 528607872
R 534170368
R 534170496
W 534170560
R 534170624
W 534170688
R 534170816
R 534170880
R 534170944
R 534171072
W 323419840
R 323419904
R 509883648
R 315134080
R 395644864
W 395644928
R 395645056
W 395645120
R 456778048
R 456778112
R 456778176
R 319559040
W 319559168
W 336558016
W 336558080
R 479265024
R 479265088
R 479265152
R 318415296
R 318415360
R 318415296
W 318415360
W 318415424
R 318415552
R 318415616
R 318415680
W 318415616
R 318415680
R 318415808
R 353252160
R 353252288
W 353252352
R 353252416
R 353252480
R 357301056
R 357301120
R 357301184
R 357301248
R 357301376
W 357301440
R 357301504
W 357301568
R 357301632
W 357301760
R 357301824
R 357301888
R 357301952
W 357302016
W 357302144
R 357302208
R 357302336
R 357302400
R 357302464
R 357302400
W 282836672
R 282836736
W 282836800
W 282836864
R 282836928
R 282837056
W 282837120
R 339293184
R 494384832
W 494384960
R 494385024
R 494385088
R 494385216
W 494385152
R 494385280
R 494385216
R 494385280
R 494385344
R 494385408
R 494385472
R 494385600
R 494385664
R 494385728
R 494385792
R 407617600
W 407617664
R 407617728
R 407617664
R 407617600
R 407617536
R 407617472
W 407617536
R 407617600
W 407617664
R 407617728
R 407617792
R 287421120
R 493582592
R 493582656
R 493582720
R 493582784
W 293093120
W 293093248
R 293093312
R 293093376
W 293093440
R 293093504
W 293093568
R 293093632
R 281272128
W 281272192
W 281272320
R 281272384
R 493822336
W 493822400
W 493822464
R 493822528
R 493822464
R 493822592
R 493822720
R 493822784
W 493822912
R 493822976
R 493823040
R 493823104
R 493823232
W 493823296
R 493823360
R 316979776
R 316979712
R 444418304
R 444418368
R 444418432
W 285122496
R 402574016
R 402574080
R 402574144
R 468280128
R 313553728
R 313553792
W 313553920
R 313553984
R 295621312
R 295621440
R 295621568
R 295621632
R 295621696
R 295621760
R 295621696
R 295621824
R 295621760
W 278920512
R 278920576
W 278920640
R 278920768
R 278920704
R 419260032
W 460330752
R 354133312
R 354133376
W 354133440
R 476968192
R 361696384
W 361696448
W 361696512
W 361696448
R 532697664
R 532697728
R 532697792
W 532697856
R 532697920
R 532697984
W 532698048
W 464334144
R 464334272
R 464334336
W 464334464
R 438775680
R 460004672
R 460004736
R 460004800
R 460004736
R 285820800
R 285820736
R 285820864
R 285820928
W 285820992
R 285821056
R 285821120
W 285821184
W 285821312
R 490710272
R 490710208
R 389544256
R 389544320
R 389544384
R 389544512
R 389544576
W 527602752
R 527602816
R 527602880
R 527602944
R 527602880
R 527602944
W 527602880
R 527602944
R 527602880
R 527602944
R 527603008
R 527603136
R 410708608
R 410708672
R 410708736
R 410708864
R 301527808
R 301527872
R 301527808
R 301527872
W 493186816
R 493186944
R 493187008
R 287080128
R 347595776
W 347595840
W 347595904
R 347596032
W 347596096
R 347596032
R 304412224
R 304412160
W 304412288
R 304412224
R 304412288
R 304412224
W 322232064
W 322232128
W 453048768
R 453048896
R 453048960
R 453048896
W 453049024
R 453049088
W 453049152
R 453049216
W 321165504
W 321165568
R 321165632
R 321165696
W 321165824
W 321165888
R 321165952
R 321166080
R 283976832
W 376199808
R 376199936
R 376200000
R 481542208
R 481542272
R 481542400
R 456211328
W 407302400
R 407302464
W 407302400
R 407302464
R 407302528
R 407302592
R 407302656
R 407302720
R 416278144
R 416278208
R 416278272
R 481655040
R 481655104
R 481655168
R 481655232
W 481655296
R 481655360
W 481655424
R 485384128
R 485384192
W 407713856
R 407713920
R 370395328
R 370395264
R 370395328
R 365681984
W 365682048
W 365682112
R 316377920
R 316377984
R 467980928
R 467980992
R 306669056
W 306669120
R 306669184
R 349384000
W 349384128
R 514092224
W 365263744
R 365263808
R 365263936
R 365264000
R 365264064
R 365264192
R 474226880
W 474226944
R 370750528
R 370750592
R 435988672
R 435988608
R 435988672
R 435988608
R 435988672
W 461306752
R 461306880
R 461306944
R 461306880
R 461306944
R 461306880
R 461306944
R 461307008
R 461307136
W 461307264
R 461307328
R 461307264
R 461307328
R 331643712
R 331643840
W 331643904
W 460593216
R 460593280
R 526489920
W 526489984
R 533705536
R 533705472
R 533705536
R 533705600
W 533705664
W 461824192
R 461824256
R 461824320
R 461824384
W 412482944
R 412483008
R 412483136
W 412483264
R 412483328
W 412483392
R 324115968
R 324115904
W 324116032
R 324116096
R 324116224
R 324116288
W 388686400
R 388686464
R 388686400
R 388686464
R 388686592
R 297730368
W 520382976
W 308628416
W 308628480
R 308628544
R 308628608
R 308628544
R 508453312
R 277975168
R 277975104
W 431965184
W 431965312
W 431965376
R 446661888
W 446662016
R 446662144
R 446662208
R 446662272
R 446662336
W 446662400
R 446662528
R 446662592
R 384179136
R 384179200
R 384179136
R 513993664
W 340717568
R 340717632
R 340717568
R 340717632
R 340717696
W 340717632
R 340717760
R 340717824
R 426368640
R 426368768
W 428913216
W 428913280
R 385120320
R 385120384
W 339663040
R 339663104
W 339663168
R 339663104
R 339663232
W 421941824
R 421941888
R 421941952
W 421942016
R 421942080
R 421942144
R 421942080
R 323453952
W 323453888
R 323453824
R 323453888
R 323454016
W 436290240
R 436290304
W 506303488
W 465864960
R 465864896
R 465864960
R 465865024
R 465864960
R 465865024
W 465864960
W 465865088
W 465865152
W 465865088
R 465865024
R 465865088
W 305037376
R 305037312
W 305037376
R 305037440
R 305037376
R 273161856
W 273161920
R 273161856
R 273161920
R 273161984
R 273162048
R 273162112
R 273162240
R 371789696
R 371789760
R 272371008
W 272371072
R 272371136
R 502101888
R 350981760
R 350981824
R 350981888
W 350981952
R 350982080
R 350982144
R 350982208
R 350982144
W 460474240
R 460474304
R 460474432
R 284981312
W 284981376
R 284981312
R 284981376
W 468758336
R 468758272
R 468758208
R 468758272
R 468758336
R 344915456
R 344915520
W 344915456
R 516075264
R 516075328
R 516075264
R 516075328
R 516075392
R 439045440
R 439045504
R 439045440
R 439045568
W 439045632
W 439045696
W 439045760
W 439045824
R 439045888
W 439045952
R 439045888
W 439045952
W 285182720
R 285182656
R 285182720
R 521894272
R 521894400
R 521894464
R 521894528
W 521894592
W 357472000
R 357472064
W 346925440
R 346925504
R 346925568
R 346925632
R 346925696
R 293366336
W 293366400
W 293366464
R 293366400
R 293366528
R 293366592
R 293366656
R 293366720
R 293366656
R 504604224
R 504604288
R 504604352
R 392101696
R 392101760
R 392101824
R 392101952
R 392101888
R 392101824
R 392101888
R 486113152
W 486113216
W 486113280
W 486113216
R 360007744
W 360007808
R 366083712
W 366083776
R 366083904
R 366084032
R 366084096
W 493811136
R 493811200
W 493811264
R 493811328
R 493811264
R 493811392
R 493811456
W 493811584
W 493811520
R 320896768
W 320896832
W 320896768
R 320896832
R 320896896
R 320896960
R 320897024
R 320897152
R 320897088
W 320897152
R 320897216
R 320897344
R 320897472
W 320897536
W 320897600
R 320897664
R 320897728
W 320897792
R 320897856
W 271275840
W 521660608
R 521660672
R 521660608
R 521660736
R 521660672
R 521660736
W 521660800
R 421984000
R 421983936
R 421984000
W 421984064
W 421984128
R 421984256
W 421984320
R 421984384
W 421984320
R 421984384
W 512582336
R 512582400
R 512582336
W 512582400
R 402729088
W 528082240
R 528082368
R 283119232
R 283119360
W 391878208
R 391878272
R 391878336
R 391878400
R 524284160
R 524284096
R 370530816
W 370530880
W 370530944
R 459576192
R 459576256
R 459576192
W 291125248
R 291125312
R 415931584
R 418902400
R 418902464
W 418902592
R 418902656
R 418902720
R 418902656
R 418902720
R 418902784
R 418902848
R 418902912
R 418902976
W 418903104
R 418903232
W 418903296
W 418903360
W 500481088
R 500481152
R 500481280
W 437940224
W 437940160
R 437940224
R 437940288
W 437940416
R 437940480
R 406795008
W 406795072
R 375250240
R 375250176
R 375250240
W 375250368
R 375250432
R 358401856
R 494896448
R 494896512
R 494896576
R 494896640
W 494896768
R 510182336
R 510182400
W 510182464
R 510182528
R 510182592
R 297332736
R 297332800
R 297332864
R 434527552
R 434527680
R 434527744
W 434527808
W 434527744
W 434527808
R 434527872
R 434527808
R 434527744
R 434527680
R 434527744
R 434527808
R 434527872
R 434527936
R 434528064
R 434528128
R 434528064
R 434528000
W 434528128
R 434528192
W 434528128
R 434528192
R 434528256
R 366364544
R 366364672
R 366364608
R 366364672
W 366364736
W 366364800
R 366364864
R 366364928
W 366365056
R 366365120
R 346865728
R 346865792
W 346865856
W 333913024
W 333913152
R 333913216
R 333913280
R 522281728
R 441878656
R 441878592
R 441878656
W 385359616
R 385359744
R 385359808
R 385359872
R 385360000
R 385360064
R 385360000
R 300675776
W 300675712
R 300675776
W 300675840
R 300675904
R 300675968
R 300676096
R 300676224
R 300676288
W 300676224
R 300676288
R 300676352
R 300676288
R 300676352
R 300676288
W 300676224
W 300676352
R 300676416
R 300676480
W 300676544
R 300676608
R 300676672
R 300676800
R 300676736
W 300676672
R 300676736
R 311361920
R 311361984
W 491748608
W 491748672
W 491748736
W 310276672
R 320575936
R 320576064
R 320576128
W 491335936
R 491335872
W 491336000
R 491336064
R 491336128
W 491336192
W 491336256
W 491336384
R 491336448
W 491336384
R 491336512
W 491336576
R 491336512
R 271962048
R 271962112
W 416588800
W 416588736
R 416588800
R 416588864
R 416588928
R 416588864
W 309882688
R 309882752
R 319633600
R 319633536
R 319633600
W 492053824
W 492053888
R 274574208
R 274574272
R 274574208
R 274574272
W 274574400
R 274574336
W 274574400
R 274574464
R 274574528
R 274574656
W 274574720
R 274574784
R 274574848
R 400637632
R 400637760
R 316536192
R 316536256
R 316536192
W 316536256
R 316536384
R 316536448
R 316536512
W 316536448
R 422885184
R 422885248
R 422885312
R 422885376
R 422885312
R 422885376
R 422885504
R 422885568
W 422885632
R 422885696
R 304189824
W 304189888
R 304190016
W 304190080
R 304190016
W 304189952
R 304190016
R 432142144
R 432142208
R 432142272
R 432142208
W 432142272
W 284254784
R 389544192
R 342126720
W 342126656
R 342126784
W 342126848
R 342126784
R 342126720
R 342582464
W 342582400
R 342582464
R 342582528
R 342582592
W 346562368
W 346562496
R 346562560
R 346562624
R 346562560
R 346562496
R 346562560
R 346562688
W 520100928
R 520101056
R 520101120
W 520101184
W 387918336
R 378258880
W 504274880
W 504274944
R 497977664
W 497977792
R 497977728
R 497977792
W 497977856
R 497977792
R 497977728
R 497977792
W 497977856
R 497977920
R 497977984
W 517317504
R 517317440
R 517317376
R 517317504
W 517317568
R 517317632
W 356479040
W 356479104
R 356479168
R 356479104
R 356479040
R 356479104
R 356479168
R 356479232
R 356479360
W 356479424
R 356479488
R 356479616
R 356479744
R 356479872
R 356479808
R 356479744
R 356479808
R 356479872
R 428660032
R 428660096
R 428660160
R 428660096
W 428660224
R 428660288
W 428660352
W 497853184
R 497853312
R 497853376
R 497853440
R 497853504
R 315502784
R 315502848
R 407839360
W 458408960
R 458409088
W 458409216
W 393376896
R 269284160
W 269284224
W 269284160
R 269284224
R 382433472
R 382433536
R 382433600
R 382433664
W 382433792
W 382433856
W 382433920
W 382434048
R 382434176
W 382434112
W 382434240
R 382434176
R 382434240
R 382434176
R 382434240
R 382434304
W 382434240
R 382434368
W 382434432
R 382434496
R 382434560
R 430907968
R 430908032
W 430908096
W 430908160
R 351155328
W 435057984
W 435058048
R 339687424
W 339687552
R 339687616
W 339687552
R 339687616
R 339687680
R 339687744
R 339687808
R 339687872
R 339687936
R 339687872
R 339687808
R 339687872
R 339687936
R 339688064
R 339688128
R 339688256
R 339688192
R 339688320
W 339688384
R 339688320
R 518453696
R 518453824
R 518453952
W 345595392
R 345595456
W 345595520
R 511789888
R 511789952
R 511790016
R 511789952
R 511790016
R 511790080
R 511790208
W 511790272
R 511790336
W 511790464
R 511790528
W 511790592
R 511790720
R 511790784
R 363018112
R 363018048
R 471861696
R 471861760
W 268534400
R 268534528
R 268534464
R 268534528
W 268534592
W 453261056
W 453260992
W 453261056
W 453260992
W 453260928
W 453260992
R 453260928
R 453261056
R 453261120
R 453261184
W 461863488
R 461863552
R 461863616
W 502905792
R 502905856
W 502905984
R 502906112
R 502906240
R 502906304
R 502906368
W 395539584
R 395539520
R 395539584
R 395539648
R 311419008
R 311419072
R 311419008
R 311419072
R 311419008
R 311419072
R 311419200
R 311419264
R 426607232
W 426607168
R 426607104
R 426607040
W 426607104
R 426607168
W 426607232
R 426607296
R 426607360
W 426607424
R 426607552
R 426607616
R 426607680
R 426607744
W 534695616
R 534695744
R 534695808
R 534695872
R 534695936
R 534696064
R 534696000
R 534696128
R 534696256
R 509394176
R 509394112
R 509394048
R 500248704
R 500248768
R 500248832
W 500248960
W 500248896
R 500248960
W 500249024
R 500249088
R 500249152
R 500249216
W 500249280
W 500249344
R 500249408
R 500249536
W 367632320
R 367632384
R 367632448
W 416817728
R 416817792
W 416817856
W 416817920
R 416817984
R 416818048
R 416818176
R 416818304
W 416818432
R 416818496
R 416818624
W 416818688
R 416818752
R 416818880
R 416819008
R 416819072
R 416819200
R 416819264
R 416819328
R 317111872
R 451005248
R 451005312
W 451005376
R 451005440
R 461312256
W 503576128
R 503576192
R 396471168
R 396471104
W 396471232
R 396471296
R 396471360
R 396471296
R 396471232
R 396471296
R 396471360
R 293025024
R 293025088
W 293025152
R 293025088
R 293025152
R 293025088
R 497255936
R 484262144
R 342163584
W 382913408
R 382913472
R 382913600
R 382913664
R 290285504
R 290285440
R 290285568
W 290285632
R 290285696
R 523992704
R 523992768
R 523992832
W 523992896
R 523992960
R 523993024
R 523993088
R 523993152
R 386158400
R 386158464
R 386158528
R 523133888
R 523133952
R 523134016
R 523134144
R 523134080
R 523134208
W 523134272
R 523134336
R 523134400
R 523134464
R 523134528
R 523134656
R 523134784
R 512706816
W 512706944
R 512707008
R 512706944
R 512707072
R 512707136
W 512707200
W 512707136
W 512707072
R 512707008
W 522637888
W 522638016
R 522638080
W 522638016
R 271161408
W 271161536
R 271161664
R 271161728
W 271161664
W 271161792
R 271161856
R 276987840
W 276987968
W 276988032
W 276988096
R 276988160
W 276988224
R 276988288
R 276988352
W 276988288
R 276988352
R 276988416
W 463851328
R 463851392
R 463851456
R 463851520
W 463851584
R 463851648
W 463851584
R 463851648
R 495493760
R 495493824
R 495493888
W 495493824
W 495493888
R 303668992
R 315308928
W 423254336
R 423254400
R 423254528
R 423254592
R 339317056
R 339317120
W 339317184
R 339317248
R 339317312
W 339317248
R 339317312
R 432983680
R 432983808
R 432983872
R 432983936
R 432983872
R 350836928
R 350836992
R 350837056
R 350837120
R 347862400
R 347862464
R 347862528
W 347862592
R 352215872
R 352215808
W 352215936
W 347400256
R 347400384
W 347400512
R 347400448
W 347400384
R 347400448
R 347400512
R 347400576
R 347400704
R 480190016
R 480189952
R 480190016
R 480190144
R 480190208
W 480190336
W 480190464
R 480190592
W 495978624
R 495978560
R 495978624
R 448510912
R 470176704
R 470176768
W 470176704
W 470176768
R 470176896
R 431598208
R 431598272
R 431598336
R 431598464
R 431598528
R 431598592
W 431598720
R 431598784
R 431598848
R 431598912
W 431598976
R 431599040
R 431599104
R 431599168
R 459553024
R 459553088
W 459553152
R 459553216
R 430072384
R 430072448
R 430072512
W 430072576
R 430072640
W 430072704
R 430072640
R 329620864
W 331016128
R 525874816
W 525874880
R 452069504
R 452069568
R 344864000
R 344864064
R 344864128
R 344864256
R 344864192
R 344864256
W 344864320
R 344864256
R 367639424
W 367639488
R 455178752
R 398262912
W 398262848
W 398262912
R 398262848
W 398262912
R 523296384
R 523296512
W 523296576
R 523296512
R 523296576
R 523296640
R 523296704
R 523296768
R 523296896
R 523297024
R 523297152
W 523297280
W 523297344
R 523297408
R 523297472
W 523297408
R 523297472
R 450236928
R 485486464
R 536393152
R 536393088
R 536393216
W 536393344
W 536393408
R 536393472
R 536393536
R 536393600
R 536393664
R 536393728
R 536393792
W 536393920
R 536394048
W 536394112
W 536394176
W 536394304
R 536394432
R 536394560
W 536394624
R 536394752
W 536394880
R 536395008
R 536394944
R 536395008
R 536395136
W 536395200
R 536395264
R 536395328
W 536395392
R 536395520
R 536395584
R 536395648
R 536395584
R 536395648
R 536395584
R 536395712
R 411575360
W 411575424
R 411575552
R 411575680
R 411575744
R 450724288
R 450724416
W 450724480
R 450724544
R 450724480
W 450724544
R 450724480
R 450724416
R 450724480
R 450724544
R 450724608
R 450724544
W 450724608
W 450724544
R 450724608
R 519312704
W 519312640
R 300584128
R 300584192
W 300584256
R 300584320
W 411744960
R 411745024
R 411745088
W 411745152
R 411745280
R 411745344
R 411745408
R 362916800
W 362916928
R 362916992
W 362917056
R 362917120
W 481516800
R 481516864
W 481516800
W 481516736
R 403623872
R 403623808
W 445219456
W 445219520
R 445219584
R 504376960
R 298460160
R 298460224
W 298460288
R 346234240
R 346234304
W 287123584
R 287123648
R 287123712
W 287123776
W 287123712
R 476994240
R 405624000
R 394847296
W 354456768
W 354456896
W 354456960
W 521350656
W 447064320
W 322334912
R 322334848
W 322334784
W 322334848
R 322334912
R 322334976
R 322335040
R 322335104
W 322335168
R 322335232
R 340112960
W 340113024
R 340113152
W 340113280
R 388956032
R 388955968
W 388956032
R 388956096
R 388956032
R 388956096
W 388956160
W 388956288
W 388956352
R 388956416
R 388956480
W 388956544
R 388956608
R 388956672
R 394860800
R 466883200
R 466883264
W 466883328
W 466883392
R 466883328
R 466883392
W 521265344
R 292869440
R 292869568
R 292869632
R 290514240
R 290514176
R 290514304
R 290514240
R 290514304
W 290514368
W 420329920
R 420329984
R 420330048
R 349645056
R 504653056
R 504653120
W 504653184
R 504653312
R 504653248
R 504653312
R 504653376
W 504653312
R 504653248
R 270650432
W 270650560
R 270650688
R 282373760
R 333928832
W 333928896
R 333928960
R 333929088
R 271552128
W 271552064
R 271552000
R 420345216
R 420345280
R 420345344
R 420345472
R 355913536
R 355913600
W 355913728
R 338919424
R 338919488
R 338919616
R 338919744
R 338919808
R 338919936
R 338920064
W 338920128
R 338920064
W 338920128
W 338920192
W 338920256
R 338920320
R 338920384
R 338920512
W 338920448
R 338920384
W 338920448
W 338920512
W 338920640
W 338920576
R 338920704
R 338920768
R 338920704
R 338920832
R 338920896
R 338921024
R 529742592
R 462100224
W 480497920
R 480497984
R 480498048
R 480498112
R 480498176
R 480498112
R 480498240
R 480498304
W 480498432
R 480498560
W 480498496
R 480498560
W 480498688
R 424543808
R 424543744
R 424543872
R 424543936
R 424544000
R 424544128
R 424544192
R 424544256
R 424544320
W 424544256
W 424544192
R 424544320
W 424544448
W 461846144
R 461846208
R 461846272
R 461846336
W 461846464
R 461846528
R 461846592
R 461846656
W 285599168
R 285599232
R 285599296
W 459153984
R 459153920
R 459153856
W 459153920
W 459154048
W 459154112
W 459154176
R 459154240
W 459154304
W 459154368
W 459154496
R 459154560
R 459154624
R 459154688
R 451680256
R 451680320
R 451680384
R 451680320
R 451680448
W 451680576
W 451680640
W 451680704
R 451680768
R 451680832
R 451680896
R 451680832
W 451680768
W 451680704
W 451680768
W 451680832
W 451680896
W 451680960
R 451680896
W 451681024
R 313683392
R 313683456
R 313683520
R 313683456
R 313683520
R 313683456
W 431613120
W 327728448
R 407891136
W 407891200
R 509349184
R 509349312
R 509349248
R 393976192
R 393976128
W 393976064
R 393976000
R 462389440
W 462389568
R 462389632
R 462389696
R 462389632
W 462389760
W 462389888
W 462390016
R 462390080
R 462390208
R 462390144
R 462390272
R 462390208
R 487811520
R 487811584
R 487811648
R 487811712
W 487811776
W 487811840
R 487811968
W 487812032
R 487811968
W 487812032
R 487811968
W 487812096
W 487812160
R 487812096
W 487812160
W 487812224
R 417350016
R 281752000
R 281752064
R 281752000
W 296822144
R 296822272
R 296822208
R 296822272
R 296822208
R 440465600
R 440465664
W 440465728
R 440465792
R 358713472
R 358713536
R 359269184
R 365854848
R 365854976
R 365855040
R 333378688
R 333378624
R 333378560
R 333378624
R 333378688
W 333378752
W 333378688
W 333378752
R 333378816
W 333378880
R 333378944
R 400055488
R 400055424
W 400055552
R 400055616
R 527307200
W 527307328
R 382656960
R 382657024
R 382657088
W 382657152
W 382657216
W 382657152
R 382657216
R 511486592
R 511486656
R 511486592
R 340228864
R 340228992
R 340229056
W 530952768
R 530952832
R 507437888
W 507438016
W 507438080
R 272961984
R 272962048
W 272962112
R 272962176
W 431203136
W 431203264
W 431203392
R 431203456
R 481082560
R 481082496
R 481082432
R 481082496
R 481082560
W 390823296
R 390823360
R 390823296
R 390823424
W 390823488
R 390823616
R 390823744
W 390823808
W 390823872
R 390823936
W 390824000
W 389568512
W 389568576
R 389568640
R 389568704
R 389568768
W 389568832
R 389568960
W 389569024
W 389569088
R 389569024
R 389569152
W 389569216
W 389569280
R 389569408
R 389569536
R 389569472
R 484087360
W 484087424
R 484087360
W 484087488
R 484087552
R 484087616
R 484087680
R 484087744
R 336071296
R 336071424
R 336071488
R 336071552
W 336071488
R 336071552
R 336071616
R 336071680
R 346067136
W 346067072
W 346067136
W 346067200
R 346067328
W 446217792
R 446217856
R 446217920
R 291087168
R 388171136
R 388171200
W 388171264
R 388171392
R 463221376
R 463221312
R 463221376
R 461660224
R 461660288
W 461660352
R 461660288
W 461660352
W 279706368
R 279706432
R 279706560
W 360433536
W 501286016
W 501286080
R 501286144
R 501286208
W 501286272
R 501286208
R 501286272
W 501286336
R 530960256
W 530960384
R 530960448
R 530960384
R 530960448
W 530960576
R 530960640
R 530960576
R 530960640
R 530960704
W 352836544
R 352836480
R 352836544
R 352836480
R 352836544
R 352836672
R 352836736
R 352836800
R 352836864
R 352836800
R 352836864
R 352836928
R 352836992
R 352837056
W 352837120
W 352837056
R 352837120
W 352837248
R 274819200
W 274819264
R 274819328
W 274819264
R 274819392
R 274819456
R 492679872
R 492679808
R 492679872
W 492680000
R 450876096
W 450876224
R 450876288
W 450876352
R 450876416
R 450876352
R 450876480
R 450876416
R 450876480
R 450876544
R 450876480
R 530757696
R 530757824
R 530757760
R 530757696
R 530757824
R 337765696
R 337765760
R 379288384
W 379288512
R 379288576
R 377405632
R 377405696
R 507735744
R 507735808
R 532016832
R 532016896
R 513413184
R 428126976
R 362455616
W 362455552
R 362455616
R 362455680
W 415417920
R 415417984
W 415418048
R 415417984
R 415418048
R 415418176
R 415418112
R 415418240
R 415418304
W 415418368
R 415418496
R 415418432
R 415418560
R 355068416
R 355068480
R 355068608
R 355068672
R 355068736
R 355068672
R 355068608
R 355068672
R 355068736
W 355068864
W 469571264
R 469571328
W 449423552
R 449423616
W 358566848
R 358566784
R 358566720
R 358566656
R 358566720
R 358566784
R 358566848
R 358566912
R 358566848
R 358566912
W 358567040
W 358566976
R 360486848
W 360486912
R 360486976
W 360487040
R 360487104
R 360487040
R 360487104
R 360487168
R 360487232
R 360487296
R 360487360
R 360487488
W 360487424
R 360487488
R 360487552
W 423298560
R 423298624
W 423298688
W 423298752
R 423298816
R 423298880
W 423298944
R 423299008
R 378075200
W 378075136
R 395303488
R 395303616
R 395303680
R 395303744
R 395303808
W 395303872
R 395304000
R 395303936
W 395304000
W 395304064
W 395304128
R 350468608
R 350468736
R 350468864
R 350468928
W 350468992
W 350468928
W 350469056
R 468766080
R 468766016
R 335263808
W 335263872
R 455577152
R 455577216
W 455577344
W 455577408
R 455577472
R 455577536
R 347552704
R 347552768
R 347552896
R 347552960
R 347553088
R 347553152
R 347553280
R 347553344
W 347553408
W 347553472
R 347553536
R 347553664
R 347553792
R 347553920
R 347553984
R 347554048
R 368099072
R 368099136
R 487904192
W 327059264
R 327059328
R 327059392
R 327059520
R 327059584
R 327059648
R 327059712
R 327059776
W 327059840
R 327059904
W 327059968
R 462358912
W 462358976
R 322217728
W 484154624
R 342986944
R 342986880
R 342986944
R 342987072
W 342987136
R 441406400
W 441406464
R 441406592
W 441406528
W 441406656
W 322367168
W 322367232
R 285478784
W 285478848
R 519048384
R 519048448
R 519048512
R 519048576
R 284123776
W 474319936
R 474320000
R 334523200
R 532553792
W 532553856
R 532553792
R 532553920
W 532554048
R 532554112
W 532554176
R 330769472
W 330769536
R 330769600
W 330769664
W 440042432
R 440042496
R 440042560
R 440042688
W 427791360
R 427791488
R 427791552
R 427791616
R 525211520
W 525211584
R 525211648
W 525211712
W 525211776
W 525211840
W 525211904
R 525211968
W 525212032
W 525211968
W 525212032
R 525212096
W 525212032
R 525212096
R 525212160
R 525212224
W 373476928
R 373476864
R 373476928
W 358749440
R 358749568
R 358749504
R 358749568
R 358749632
R 358749696
W 469961536
W 316545024
R 473574272
R 473574336
R 473574400
R 473574336
R 473574272
W 473574336
W 473574464
R 473574528
W 473574592
R 367697408
R 367697536
R 367697472
R 367697408
W 335055360
R 335055424
R 335055488
R 335055552
R 335055616
W 335055680
R 335055744
R 335055680
R 268481344
W 268481280
R 268481216
R 268481280
R 457476864
R 457476928
R 457476992
W 457477056
R 457477120
R 457477056
R 457477120
R 483215680
W 496789888
R 496789952
W 496790016
R 496789952
R 496790016
R 496790144
R 496790208
R 496790144
R 496790208
R 496790272
R 496790336
R 496790400
R 496790464
R 496790528
R 319728384
R 319728448
R 319728512
R 477580672
R 484607168
R 484607232
R 484607296
R 484607360
W 484607424
R 484607360
W 484607488
R 484607424
R 391252224
R 432536192
R 432536256
W 432536320
R 432536384
W 432536512
R 432536640
R 341679872
R 341679808
R 341679744
W 272349376
R 272349440
R 272349376
W 272349504
W 272349440
W 272349504
R 272349568
W 272349632
W 272349696
R 331713920
R 331713984
R 331713920
W 287456320
R 530571456
R 530571584
R 530571648
R 530571776
R 530571904
R 530571968
R 272145472
R 272145536
R 272145600
R 272145664
R 272145792
R 272145920
R 374985280
R 374985344
R 374985408
W 374985536
R 332211584
R 332211648
R 332211776
R 477196864
R 279791424
W 279791488
R 279791552
R 279791616
R 279791744
R 279791680
R 279791744
W 279791808
R 279791936
W 279792000
R 279792064
R 348282112
R 348282176
R 348282240
W 348282304
R 348282240
R 348282304
R 348282368
R 348282432
W 348282496
R 348282560
R 348282624
R 348282560
R 348282688
R 348282752
R 348282816
W 348282880
R 348282816
R 348282880
R 348282944
R 348283008
R 370673664
R 370673728
R 370673792
R 370673856
R 370673920
W 370673984
W 370673920
R 509212480
R 509212608
W 509212544
R 509212608
W 509212672
W 509212736
W 509212672
R 357297344
W 357297280
R 357297344
R 357297280
R 357297216
R 357297152
W 427544448
R 427544512
R 427544576
W 427544640
R 427544704
R 427544768
R 427544832
R 442683264
R 442683200
R 442683136
W 274023296
R 274023360
W 325581440
W 325581504
R 325581440
R 325581504
R 325581632
R 325581760
R 318735424
R 318735488
R 318735552
W 318735616
R 369285568
R 369285632
R 369285760
R 369285824
R 369285888
R 369285952
R 369286016
W 369286080
R 369286144
R 314050752
W 314050688
R 433461504
R 433461568
R 433461504
R 323633984
R 323634112
R 281320768
R 281320832
R 281320960
R 281321024
R 388974976
R 460263616
W 460263680
R 291707072
R 291707008
R 291707136
R 291707200
R 291707264
W 291707328
W 309435968
W 348237504
R 348237568
W 348237696
W 348237824
R 348237888
R 348238016
R 348238144
R 348238208
R 400456320
R 400456256
R 400456320
R 400456448
W 400456512
R 400456576
R 462996608
R 327575168
R 327575232
W 327575168
R 398625216
R 398625280
R 398625344
R 398625472
R 398625408
R 353353984
R 353354048
R 353354176
W 353354240
R 353354304
W 353354432
R 353354496
R 353354560
R 353354624
R 512334016
W 432736128
R 432736192
W 432736320
R 432736384
R 432736512
R 432736448
R 432736576
W 432736704
R 432736768
R 432736832
R 432736896
R 432736832
W 432736896
R 432736832
R 397464384
R 292527232
R 292527296
R 292527360
W 292527424
W 292527488
W 292527552
W 292527680
W 292527616
W 292527552
R 292527616
R 292527744
W 292527808
W 344060480
R 344060416
W 344060352
R 344060416
R 344060544
R 344060672
W 308699840
R 308699968
R 308700032
R 315233216
W 315233280
R 315233344
R 315233408
W 315233472
R 505756736
W 505756800
W 505756864
W 505756800
R 505756864
R 505756928
R 505756864
R 291346688
R 291346752
W 291346816
R 291346880
R 388185152
R 388185216
W 388185152
R 388185216
W 388185344
R 388185408
R 388185344
R 388185472
R 388185408
R 388185472
W 388185408
W 388185472
R 383014848
R 495489088
R 495489152
R 495489216
R 495489344
R 495489408
R 495489536
R 495489600
R 527006016
W 527006080
R 527006016
R 527005952
R 527005888
R 527005952
R 347616704
R 347616832
W 347616960
R 509666880
R 509666944
R 494015744
R 494015680
W 494015744
R 494015808
W 494015872
R 494015936
R 494016064
R 494016000
R 448730944
R 448731072
R 448731136
R 448731264
W 448731328
R 324169088
R 324169216
W 324169152
R 324169280
W 424076672
R 424076800
W 424076928
R 424077056
R 480933504
R 480933568
R 480933632
R 491084672
R 491084800
W 491084864
R 491084800
W 491084736
R 491084864
W 491084928
W 491084992
R 491085056
R 491085120
R 491085184
W 491085312
W 491085376
R 491085440
R 491085568
R 491085632
R 491085696
W 491085760
R 491085824
R 491085888
W 491085952
W 471430080
R 471430144
R 471430208
R 471430272
R 334301056
R 334301120
W 334301184
R 334301248
R 334301312
R 334301376
R 334301440
R 334301504
R 334301568
R 334301632
R 334301696
R 334301632
W 334301696
R 334301760
R 334301824
R 334301888
W 334301952
R 412097024
R 412097088
R 412097152
R 502544448
R 502544512
W 502544576
R 502544512
R 502544640
W 502544576
R 326180800
R 326180736
R 302938112
R 404297920
R 404297856
W 404297920
R 404297984
R 404298048
R 404298112
R 404298176
W 404298240
R 404298368
R 404298432
W 404298368
R 308606336
R 308606464
R 308606528
W 308606592
R 308606656
R 308606592
R 308606656
W 308606592
R 421103168
W 288304064
R 289437952
R 289438080
R 430032640
R 430032768
R 430032896
R 430033024
W 430033088
R 323595456
R 323595520
R 502340672
W 502340736
W 502340800
W 407854208
W 407854272
R 407854336
R 407854464
R 407854528
W 407854592
R 407854720
R 407854656
W 407854784
R 407854912
W 407854976
R 407855040
R 407855104
R 407855232
R 407855296
R 407855424
W 407855360
W 407855424
R 407855552
W 325161472
R 325161536
R 325161472
R 325161536
W 325161600
R 325161664
R 327598144
R 368846272
R 368846208
R 368846144
R 368846208
R 368846272
R 368846336
R 368846464
R 368846528
R 368846656
R 368846720
R 386321408
R 411338752
R 411338816
R 411338944
R 411339008
R 411339072
R 411339008
R 411339072
W 411339200
R 396543296
R 396543360
W 344581760
R 344581888
W 344581952
R 344582016
R 268975744
R 268975808
W 268975872
W 268975936
R 268976000
R 268976128
R 268976064
R 268976128
W 430105536
R 528471424
R 528471488
R 528471552
R 528471680
R 528471808
W 528471872
W 528471936
W 509635072
R 362362176
R 362362240
R 362362304
W 362362240
R 334449728
R 334449792
W 536294848
R 536294912
R 536294848
R 536294912
R 536295040
R 536294976
R 536295040
R 536295104
W 536295168
R 536295104
R 536295168
R 536295296
R 536295360
W 401970496
R 401970624
W 408698816
R 408698880
W 408698944
R 408699008
R 408699072
W 408699008
R 408699072
R 502990464
R 502990528
R 502990592
W 502990720
R 502990656
W 502990720
W 502990784
R 502990848
W 502990784
R 502990912
W 502991040
W 515514560
W 515514624
R 515514688
R 526921536
W 333634496
W 333634560
W 333634496
W 333634560
R 333634624
W 333634688
R 333634752
W 333634688
R 333634752
R 333634688
R 333634752
W 333634816
W 408167616
R 408167552
R 408167616
R 397650560
R 397650496
R 397650560
R 533093504
R 533093632
W 533093760
R 533093824
R 533093888
R 533093824
W 458877952
R 458878080
R 460499712
R 381597120
R 381597248
R 381597312
R 381597376
R 343618432
W 343618496
R 343618624
R 343618688
R 407606336
R 407606272
R 407606400
R 407606464
W 407606592
W 407606656
R 395468288
W 474638656
R 474638720
W 474638784
R 474638848
R 361887040
R 361887168
R 361887104
R 361887232
R 361887296
R 361887360
R 361887424
R 271246656
W 271246592
R 271246528
R 522768832
W 522768768
R 504056320
R 504056384
R 504056320
R 504056384
R 504056448
R 403395008
W 403395072
R 403395008
R 403394944
R 403395008
W 521290176
R 284529728
R 284529792
R 284529856
W 445393024
R 445393088
W 445393024
R 445393088
R 445393216
W 445393280
R 445393344
R 445393408
R 445393472
R 445393536
R 445393600
R 278150016
R 278150144
R 278150272
W 278150336
R 465847488
R 465847552
R 465847616
R 465847552
W 276434048
R 276434112
R 276434176
R 276434112
R 276434176
R 276434240
R 276434176
W 276434240
W 506560128
W 425568640
R 425568704
R 425568768
R 529466176
W 529466240
W 529466304
W 529466368
W 529466432
W 529466560
R 529466624
W 529466688
W 529466752
W 529466816
R 529466880
R 529467008
R 529467072
W 529467136
W 529467200
W 384691648
R 384691584
W 384691648
W 384691712
R 517276480
R 517276416
W 519332608
W 339234048
R 339234112
R 339234048
R 339234112
W 339234176
R 275059968
W 275060032
R 506703424
R 506703552
R 506703488
R 506703552
W 506703616
W 506703680
R 506703808
W 506703872
R 506703936
W 506703872
R 506703936
W 506704000
R 506704064
R 506704128
R 506704256
R 506704320
R 506704448
R 506704512
R 506704576
R 506704640
R 285162944
W 285163008
R 285162944
W 285162880
R 285162944
R 285163008
W 310550272
R 389006464
R 492890496
W 492890432
R 492890368
W 492890432
R 492890496
R 492890560
R 492890624
R 492890752
R 492890688
R 492890816
R 492890944
W 335695296
R 335695424
R 335695360
R 335695424
W 335695360
W 335695424
R 276763520
W 276763456
R 276763520
R 276763648
R 276763712
W 476802624
R 476802752
R 476802816
R 449167936
R 449168000
W 509434304
R 509434432
W 509434496
W 509434432
R 313419584
R 313419520
R 313419648
R 313419584
R 313419648
R 313419584
W 313419520
R 313419584
R 313419648
R 381543744
R 381543680
R 381543744
R 381543872
W 381543936
R 381544000
R 381544064
R 381544128
R 373196480
R 282274496
R 282274432
W 282274496
W 282274560
R 332828032
R 332828096
W 332828160
W 332828224
W 332828288
R 332828224
R 332828160
W 332828224
W 332828288
R 332828352
W 332828416
R 332828480
R 332828544
R 332828608
R 332828736
W 332828800
R 383427328
R 383427264
R 383427328
R 383427456
R 383427520
W 383427584
R 425263936
R 425264064
R 425264128
R 425264192
R 425264256
W 425264384
R 425264448
W 425264576
R 489627776
R 489627840
R 488018752
R 488018816
R 488018944
R 488019008
R 488019072
R 488019200
R 488019264
W 488019328
R 488019392
W 488019456
W 488019520
R 488019456
R 488019520
W 488019584
R 488019648
R 488019712
W 488019776
W 488019840
R 488019776
R 488019840
R 488019904
R 488020032
W 488020096
W 488020032
R 488020160
R 488020096
W 488020032
W 488019968
R 488020096
R 488020160
R 488020096
R 488020160
R 488020224
R 399761600
W 479772096
R 479772160
R 479772224
R 479772288
R 479772352
R 313336384
R 313336512
R 313336640
W 313336576
R 313336704
W 313336768
R 313336704
R 412394624
R 412394752
R 412394816
R 412394752
W 412394816
R 412394880
R 412394944
R 412395008
W 289406656
R 289406592
R 289406528
R 289406592
R 289406656
R 289406720
R 289406784
W 289406720
R 289406656
W 289406720
R 289406784
R 289406912
R 289406976
R 271443200
R 271443264
R 271443328
R 271443392
R 271443456
R 271443520
R 497231360
W 497231296
R 377199104
R 377199168
R 377199232
R 377199360
R 377199296
R 522593792
W 522593856
R 522593792
R 522593856
R 296454272
R 496823360
W 496823296
R 496823424
R 496823552
R 438608448
W 383271744
W 417544192
R 505542784
R 505542848
R 505542912
W 518657984
R 518658112
R 518658176
R 518658240
R 518658304
W 518658368
R 275411776
R 275411840
R 275411904
W 275411840
W 521199232
R 521199360
W 521199296
R 521199360
W 521199424
W 521199552
R 521199680
W 521199744
R 521199808
W 521199872
W 438344512
W 438344448
W 438344512
R 438344576
W 347631360
R 347631488
R 347631424
R 347631488
R 347631552
R 347631616
W 347631680
R 347631744
W 347631808
R 347631872
R 347631936
W 347632000
R 347632064
R 347632128
R 347632256
R 347632320
R 347632448
R 347632384
R 347632320
R 347632384
R 475496192
R 475496320
R 423424128
R 423424064
R 423424128
R 423424192
R 423424256
R 423424384
R 423424448
R 423424512
W 423424576
R 423424704
R 423424768
R 423424832
R 423424896
R 423424832
R 423424960
R 423425024
R 423425152
W 394225920
R 326339776
R 326339712
R 326339648
W 326339584
W 374984000
R 374984064
W 374984128
W 374984192
R 374984256
W 374984320
R 374984384
R 502805824
W 502805760
R 502805888
R 502805824
R 502805952
W 398756544
R 398756608
W 483121280
R 496386752
R 496386816
R 496386752
W 364084352
R 364084416
W 364084352
R 391955200
R 391955264
R 391955392
R 391955456
R 391955584
R 494853696
W 494853632
R 494853696
W 494853824
R 494853888
R 494854016
R 494854144
R 494854272
W 494854208
W 468594496
W 468594432
W 468594496
W 468594624
R 468594688
R 406860352
R 512705984
R 512706048
R 512706112
R 512706176
W 512706240
R 512706304
R 512706368
R 512706432
R 512706496
R 512706560
R 512706624
R 512706688
R 512706624
R 514547584
R 514547648
R 322725248
R 310721984
R 310722048
W 310722112
W 310722176
W 310722240
R 310722304
R 310722368
R 310722304
R 310722432
R 310722496
R 310722432
R 310722496
W 310722560
R 310722624
R 310722688
R 310722752
W 310722688
R 310722624
R 310722560
W 310722624
R 310722752
R 310722880
W 310722816
W 310722752
R 310722688
R 310722752
R 310722816
R 310722880
W 310722944
W 310723072
R 310723008
R 310723072
R 310723136
W 310723200
R 483783232
R 483783296
W 483783360
R 483783424
W 483783488
R 483783616
W 352706880
R 352706944
R 517555072
R 517555136
R 517555264
R 517555200
W 517555136
W 517555264
R 517555328
W 517555392
W 517555328
R 517555264
R 517555328
R 517555392
R 375694336
R 375694400
R 375694464
W 375694528
W 328112512
R 353940992
R 353941056
W 353941184
R 475300160
W 475300224
R 475300160
R 475300224
R 300532928
R 300532992
R 300532928
R 300532992
W 328448832
R 328448896
R 328449024
R 328449088
W 328449152
R 328449280
R 328449344
R 328449408
W 328449472
R 328449536
R 328449472
R 328449600
R 328449664
R 328449792
R 328449856
R 328449920
R 328449856
W 328449920
W 328449856
R 328449920
W 359231488
W 359231616
R 359231680
R 359231744
R 359231808
R 359231936
W 359232000
W 391041344
R 391041408
R 391041472
W 391041408
W 391041472
R 391041408
R 391041472
R 391041536
R 391041600
R 391041536
W 391041600
R 391041664
W 391041600
R 391041664
W 391041728
R 391041856
R 391041920
R 391041856
R 391041792
W 506076928
W 506076864
W 403591488
R 403591616
R 403591744
R 429301952
R 429302016
R 429302080
R 429302144
R 429302080
W 429302144
W 429302208
W 429302144
W 429302208
R 429302144
R 429302272
R 429302208
R 429302272
W 429302336
R 429302400
R 429302528
R 429302592
R 429302656
W 429302720
R 429302784
R 429302912
W 298128384
W 298128448
W 298128512
R 298128576
R 298128640
R 298128576
R 298128640
R 298128704
W 298128768
W 520695872
R 477848896
R 529913728
R 469772224
R 469772288
R 469772352
R 469772416
W 469772544
R 428882304
R 428882432
R 428882496
R 280167040
W 280167104
W 280167232
R 280167296
R 280167360
R 407498880
R 407498944
R 407499072
W 407499136
R 407499072
W 407499136
W 444029824
R 444029760
R 444029824
R 328744768
R 328744832
W 328744896
W 328745024
R 328745088
R 328745024
W 328745152
R 328745216
R 278567040
R 278567104
R 278567168
W 278567232
W 278567296
R 278567232
R 278567296
R 278567232
R 336791744
W 444239744
R 380537984
R 380538048
R 459209664
R 504465856
R 282084800
R 282084864
R 282084992
W 282084928
R 282084992
R 282084928
W 282084992
W 282085056
R 282085120
R 282085056
W 282085120
W 282085248
R 282085312
R 303496128
R 429869504
W 429869632
W 429869696
R 292792960
R 292792896
R 292792960
R 292793024
R 292793088
R 292793152
W 292793088
R 292793152
R 355609152
R 355609280
R 410803584
R 410803648
W 286808640
R 286808768
W 286808704
R 286808768
R 317894080
R 317894208
R 317894144
R 268822848
R 268822912
W 268822976
R 268823040
R 268822976
W 268823040
W 268823104
W 268823168
R 268823232
R 268823296
W 411632768
R 411632896
W 411632960
W 411633024
R 276124352
R 276124416
R 276124352
R 369232000
R 486220800
R 486220736
R 486220800
R 486220864
R 405490176
R 513418240
W 513418304
R 513418368
R 513418304
W 513418432
R 513418496
R 513418624
W 312978112
R 366474688
R 373059776
R 373059840
R 373059776
R 373059712
R 463134976
R 463134912
R 463134976
W 389906496
R 389906560
W 496077120
R 496077248
W 494599872
W 494599936
R 494600000
R 494600064
W 494600000
R 494600128
W 494600192
R 398606784
R 398606912
R 398606976
R 416728768
W 416728704
R 416728832
R 416728896
R 416728960
R 416728896
W 416728960
R 416728896
W 416728960
R 290431872
R 329014656
W 329014720
W 329014848
R 329014912
W 329014848
W 329014976
R 494819968
W 494820032
R 494820096
W 494820160
W 494820224
R 494820160
R 494820224
R 494820352
R 470203520
R 473835392
R 473835456
R 473835520
R 473835456
R 473835520
R 473835648
W 473835776
R 473835904
R 473835840
R 473835904
W 283668928
R 404539840
W 404539904
W 404540032
W 404540096
W 404540032
W 404540096
W 404540160
R 447623232
R 447623296
R 447623360
R 447623488
R 447623552
R 447623616
W 447623680
R 441715776
W 441715840
R 441715776
R 441715840
R 441715904
W 441716032
R 441716096
R 441716224
R 426228352
W 442293696
R 442293760
R 442293824
R 442293888
R 442293952
W 442294016
R 442294144
R 442294080
R 442294016
W 442294144
W 442294208
R 442294272
R 394442176
R 394442240
W 400986368
W 400986432
W 400986368
W 400986432
W 400986496
W 400986432
R 400986496
R 400986432
W 400986496
R 400986432
R 400986496
R 400986560
R 400986624
W 283240704
W 283240768
R 283240896
R 283240960
W 283240896
W 283240832
W 283240896
R 283240960
R 283241024
W 283241088
W 283241024
R 365736896
R 332591552
R 332591680
W 476446656
R 476446784
R 476446848
W 476446976
R 476447040
W 476447104
R 476447168
R 476447232
R 476447168
R 476447232
R 275188416
W 275188480
W 275188544
R 369625984
R 369625920
R 369625984
W 369626112
R 363725696
R 507400128
W 507400064
W 507400128
R 507400192
R 507400128
R 535609792
W 535609728
W 477195456
R 303580928
W 303580992
R 303581120
W 303581248
W 321467712
W 321467776
R 321467712
R 321467776
R 321467840
R 321467968
R 321468032
R 321468160
W 321468224
W 321468160
R 321468224
R 321468160
R 321468224
R 321468288
R 321468224
W 501332224
R 501332288
W 501332352
W 501332416
W 501332480
R 501332416
R 501332544
R 501332608
W 501332672
R 391041600
R 292464064
R 292464000
R 495446272
R 495446336
R 414794432
R 414794560
W 370170560
R 370170496
R 370170560
R 370170624
W 370170688
R 370170752
W 370170816
R 370170944
R 370170880
W 370171008
R 314876416
R 314876480
R 314876608
R 314876736
R 314876800
W 314876928
R 314876992
W 314877056
R 314877120
W 451694976
R 451695040
R 451695104
R 451695168
R 451695232
W 451695296
R 451695360
R 451695424
R 298883072
R 298883008
W 298883072
R 298883136
R 298883200
W 298883264
W 298883328
R 298883392
W 298883520
R 298883584
R 298883648
W 298883712
W 298883840
W 298883776
R 298883840
W 298883968
W 466045824
R 466045888
W 466045824
W 335557312
R 335557440
R 335557568
R 335557632
W 335557696
W 335557760
R 335557696
R 335557824
R 335557952
R 335558080
R 489689536
W 489689472
R 489689408
R 281231936
R 281232000
W 281231936
W 281231872
R 281232000
W 281232064
W 281232000
R 281232064
R 281232128
R 296756800
R 296756864
R 296756928
W 296756864
R 296756992
R 296757056
W 354234048
R 354234176
R 488380672
R 488380800
W 488380864
W 488380928
R 488380992
R 488381120
R 488381056
R 505161408
W 505161472
W 453027136
R 467060544
R 467060608
W 328012992
W 328013056
R 328013120
R 534052224
W 492707136
R 492707200
W 492707136
W 492707200
W 492707264
R 492707392
R 492707520
R 492707584
W 274168064
R 274168192
R 274168320
R 274168448
R 496344768
W 496344832
R 496344960
W 496345088
W 496345152
W 280787456
R 325907264
R 325907328
W 315350976
W 315351040
R 315350976
R 315351104
R 315351168
R 315351232
R 315351296
R 315351360
R 315351424
R 315351552
W 315351680
R 315351808
W 315351872
R 315351936
R 315352000
W 315352064
R 315352128
R 315352192
R 390689280
R 390689216
R 390689280
W 390689344
R 390689408
R 390689472
R 390689536
R 311359104
R 507843328
R 507843392
R 507843456
R 507843520
R 507843584
R 507843712
R 507843840
R 370593920
R 370593984
W 442579072
R 484924160
R 511195776
R 511195904
W 511195968
R 511196032
R 511196096
R 384933056
R 384933120
R 384933248
R 384933184
W 384933120
R 384933184
W 384933248
W 384933312
R 384933376
R 384616384
R 384616448
R 384616512
R 384616576
W 384616640
R 337226560
R 302325376
R 302325440
W 302325504
W 524086720
W 524086656
W 524086720
W 524086656
R 524086592
R 402169472
R 402169536
W 474670784
R 474670848
R 474670912
W 474670976
R 474671040
R 474671168
R 474671232
R 474671168
R 474671232
R 474671168
W 369471872
R 369471936
R 369472000
W 369472064
R 369472128
R 369472192
R 369472320
R 369472384
R 369472448
W 369472512
W 369472576
R 369472640
R 369472704
R 524577344
R 524577472
R 524577536
R 524577600
R 524577536
R 524577600
R 343549824
R 343549888
R 343549952
R 343550016
R 343549952
R 343550016
R 343550080
R 343550144
R 343550080
R 343550144
W 343550208
R 342348096
R 342348224
R 342348352
R 342348480
R 342348416
R 342348544
W 342348480
R 342348544
W 342348608
R 342348672
R 342348800
R 342348736
R 342348800
R 342348928
W 342348864
R 342348928
R 378807040
W 378807104
W 378807040
R 378807104
R 378807168
R 378807232
R 378807296
W 477048256
R 477048384
R 477048512
R 477048576
W 477048640
W 477048704
R 431347072
R 431347136
W 431347200
R 431347264
R 431347328
R 431347392
R 431347456
W 431347520
R 362163072
R 362163136
R 415073408
R 415073536
R 415073600
R 415073664
R 415073792
R 292075840
W 419201088
W 419201152
W 419201216
W 419201344
W 292123840
R 502159232
W 502159296
R 502159360
W 502159488
R 502159552
R 502159488
R 502159552
R 502159616
R 502159680
R 502159808
R 502159936
R 502160000
R 502160128
W 502160192
R 502160256
W 502160320
W 502160384
W 502160512
R 290972416
W 290972480
W 290972544
R 290972608
R 290972672
R 290972800
R 290972928
R 389668800
W 389668864
R 326310592
R 433016384
R 433016448
R 433016512
R 433016576
R 306733760
R 306733824
R 306733952
R 306734016
R 306734144
R 290916800
R 536868096
W 536868224
W 536868160
R 536868096
W 536868224
W 536868352
R 536868416
R 536868480
R 536868544
R 536868608
R 536868736
R 536868800
W 536868864
R 536868800
R 536868736
R 294589056
R 294588992
W 425947712
R 425947648
W 425947712
R 425947840
W 425947904
R 425947968
R 533301248
R 533301312
R 533301248
W 533301312
W 533301248
R 533301184
R 533301248
R 533301312
R 533301376
W 533301440
R 333402624
R 333402688
R 333402624
W 333402688
R 333402624
R 333402688
R 333402816
R 333402880
R 333402816
R 333402880
W 333403008
R 333403136
R 333403200
W 333403136
W 333403200
R 333403264
R 307406912
W 307407040
W 307407104
R 307407232
R 307407360
R 307407424
W 307407488
W 307407424
R 307407552
R 307407616
W 307407744
R 307407808
W 307407872
R 307407936
R 307408000
W 307408064
R 520717440
R 520717376
R 342130240
W 342130368
R 342130304
W 342130368
R 390757312
R 396970240
R 396970304
R 396970432
W 396970496
W 343209536
R 343209600
R 343209536
R 343209664
R 343209728
R 343209792
R 343209920
W 343209984
R 343210048
R 343210112
W 343210048
W 343210112
R 343210240
R 417197888
R 417197952
R 417198080
R 417198208
R 417198272
R 297696064
R 297696128
W 297696192
R 297696256
R 297696320
W 297696256
R 297696320
W 297696256
W 458246912
R 458246848
W 458246912
R 377496000
R 377496064
W 377496128
W 377496192
R 377496320
R 386730432
R 386730496
R 476045184
R 476045248
W 476045312
W 476045248
R 476045312
W 476045440
R 476045504
W 476045632
R 476045696
R 476045824
R 476045888
W 476045952
R 472147904
R 472147968
R 472148032
R 477208320
R 477208384
R 477208512
R 477208576
R 407946240
R 407946176
W 407946240
R 464163456
R 464163520
R 464163584
R 464163648
R 464163776
R 391426496
R 391426560
R 391426624
R 391426688
W 391426816
R 391426880
R 391426944
R 391426880
W 391426944
R 391427008
W 391427072
R 391427136
R 479858240
W 479858304
W 479858240
R 479858304
W 479858368
W 479858304
R 479858432
W 479858368
R 479858496
R 479858432
R 479858368
W 479858496
R 479858624
W 336209920
W 336209856
R 330463424
R 330463552
R 330463680
W 330463808
W 330463936
R 330464000
R 330464064
R 504135744
R 504135872
R 504135936
W 504136000
R 427036800
W 427036928
R 310377664
R 310377600
R 310377728
W 310377792
R 310377856
R 310377920
R 310377856
W 310377920
R 310377856
R 310377792
R 530169024
W 530168960
W 530169024
R 530169152
R 530169216
R 530169280
R 530169408
W 530169472
R 530169408
R 530169472
R 530169536
R 530169600
R 530169664
W 357343360
R 357343424
R 452441024
W 520188288
R 520188224
R 445924864
R 445924928
W 418203392
R 418203456
R 418203584
R 429802176
R 429802304
R 429802368
W 429802432
R 429802496
R 429802560
W 429802688
R 429802752
R 429802688
W 304041024
R 298985024
R 351138240
W 447635328
R 447635392
R 481221376
R 481221440
R 481221504
R 481221440
R 481221504
R 481221568
W 481221632
W 481221696
R 481221760
R 481221824
R 460232832
W 460232896
W 460232960
R 460233024
W 371647872
R 531695488
W 531695424
R 531695360
W 531695296
R 531695232
R 531695296
R 355841536
W 461038912
R 461039040
R 434503616
R 434503744
R 434503808
R 347720512
W 347720576
R 347720640
R 347720768
W 347720704
W 347720768
R 347720832
R 347720896
R 403824576
R 517277184
R 517277248
R 495182016
R 367199232
R 367199296
R 367199360
R 397297024
W 397297088
R 397297216
W 397297280
R 468701120
R 468701056
R 468700992
W 468700928
R 468700864
R 468700928
R 468700864
R 513482816
R 513482944
R 302150080
W 517298240
W 517298304
R 388103680
W 388103744
R 388103680
R 388103616
R 388103744
W 388103808
R 415341952
R 492179072
W 432827520
W 432827648
R 432827584
W 432827648
R 432827712
R 432827776
W 432827840
W 432827904
R 432827968
R 432828096
R 432828160
R 432828224
R 432828160
W 432828224
W 270222272
W 270222336
R 270222464
R 270222400
R 270222336
R 270222400
R 270222464
W 270222528
W 270222592
R 270222656
R 372679872
R 457082496
R 500579264
R 500579392
W 500579520
W 500579584
R 500579712
R 500579776
R 500579840
R 500579776
R 468439936
W 468440000
R 314190400
R 314190336
R 314190400
W 314190336
W 314190272
R 314190336
R 314190464
W 297916608
R 297916672
R 350596416
W 308377152
R 308377280
R 308377344
W 308377408
R 322188352
W 322188416
R 322188480
R 322188544
W 322188480
W 311204224
W 311204160
R 311204096
W 311204224
R 311204352
R 311204416
R 311204352
