[Ramulator::ReadWriteTrace] [info] Loading trace file ../traces/l2miss_multibank.trace ...
[Ramulator::ReadWriteTrace] [info] Loaded 20000 lines.
[RoBaRaCoCh] raw_addr=200001472 -> 1 1 3 1 381 15 
[RoBaRaCoCh] raw_addr=200001152 -> 0 1 3 1 381 13 
[RoBaRaCoCh] raw_addr=200001472 -> 1 1 3 1 381 15 
[RoBaRaCoCh] raw_addr=200001728 -> 1 1 3 1 381 17 
[RoBaRaCoCh] raw_addr=200000192 -> 1 1 3 1 381 5 
[RoBaRaCoCh] raw_addr=200000064 -> 1 1 3 1 381 4 
[RoBaRaCoCh] raw_addr=200001152 -> 0 1 3 1 381 13 
[RoBaRaCoCh] raw_addr=200002112 -> 1 1 3 1 381 20 
[RoBaRaCoCh] raw_addr=200003520 -> 1 1 3 1 381 31 
[RoBaRaCoCh] raw_addr=200002048 -> 0 1 3 1 381 20 
Frontend:
  impl: ReadWriteTrace

MemorySystem:
  impl: GenericDRAM
  total_num_other_requests: 0
  total_num_write_requests: 2147
  total_num_read_requests: 12076
  memory_system_cycles: 7500
  DRAM:
    impl: DDR4
  AddrMapper:
    impl: RoBaRaCoCh


  Controller:
    impl: Generic
    id: Channel 0
    avg_read_latency_0: 3103.22461
    read_queue_len_avg_0: 489.501587
    write_queue_len_0: 3436127
    queue_len_0: 7113492
    num_other_reqs_0: 0
    num_write_reqs_0: 3019
    read_latency_0: 21837391
    priority_queue_len_avg_0: 0.813733339
    row_hits_0: 420
    priority_queue_len_0: 6103
    row_misses_0: 146
    row_conflicts_0: 0
    read_row_misses_0: 5
    queue_len_avg_0: 948.465576
    read_row_conflicts_core_0: 0
    read_row_hits_0: 4
    write_queue_len_avg_0: 458.150269
    read_row_conflicts_0: 0
    write_row_misses_0: 141
    write_row_conflicts_0: 0
    read_queue_len_0: 3671262
    write_row_hits_0: 416
    read_row_hits_core_0: 0
    read_row_misses_core_0: 0
    num_read_reqs_0: 7037
    Scheduler:
      impl: FRFCFS
    RefreshManager:
      impl: AllBank


    RowPolicy:
      impl: ClosedRowPolicy
      num_close_reqs: 139
    ControllerPlugin:
      impl: TraceRecorder



  Controller:
    impl: Generic
    id: Channel 1
    read_queue_len_avg_1: 487.186676
    priority_queue_len_1: 6103
    write_queue_len_1: 3422060
    num_write_reqs_1: 2968
    row_hits_1: 427
    row_misses_1: 148
    avg_read_latency_1: 3199.51025
    queue_len_avg_1: 944.275085
    read_queue_len_1: 3653900
    read_row_misses_1: 6
    priority_queue_len_avg_1: 0.813733339
    read_row_hits_1: 5
    queue_len_1: 7082063
    read_row_conflicts_1: 0
    num_read_reqs_1: 6976
    num_other_reqs_1: 0
    row_conflicts_1: 0
    write_row_hits_1: 422
    write_queue_len_avg_1: 456.274658
    write_row_misses_1: 142
    write_row_conflicts_1: 0
    read_row_hits_core_0: 0
    read_row_misses_core_0: 0
    read_latency_1: 22319785
    read_row_conflicts_core_0: 0
    Scheduler:
      impl: FRFCFS
    RefreshManager:
      impl: AllBank


    RowPolicy:
      impl: ClosedRowPolicy
      num_close_reqs: 140
    ControllerPlugin:
      impl: TraceRecorder



