[Ramulator::ReadWriteTrace] [info] Loading trace file ../traces/l2miss.trace ...
[Ramulator::ReadWriteTrace] [info] Loaded 5000 lines.
[RoBaRaCoCh] raw_addr=268435520 -> 0 0 0 0 1024 1 
[RoBaRaCoCh] raw_addr=268435584 -> 0 0 0 0 1024 2 
[RoBaRaCoCh] raw_addr=268435520 -> 0 0 0 0 1024 1 
[RoBaRaCoCh] raw_addr=268435584 -> 0 0 0 0 1024 2 
[RoBaRaCoCh] raw_addr=268435520 -> 0 0 0 0 1024 1 
[RoBaRaCoCh] raw_addr=268435456 -> 0 0 0 0 1024 0 
[RoBaRaCoCh] raw_addr=268435520 -> 0 0 0 0 1024 1 
[RoBaRaCoCh] raw_addr=268435584 -> 0 0 0 0 1024 2 
[RoBaRaCoCh] raw_addr=268435648 -> 0 0 0 0 1024 3 
[RoBaRaCoCh] raw_addr=268435712 -> 0 0 0 0 1024 4 
Frontend:
  impl: ReadWriteTrace

MemorySystem:
  impl: GenericDRAM
  total_num_other_requests: 0
  total_num_write_requests: 463
  total_num_read_requests: 92
  memory_system_cycles: 1875
  DRAM:
    impl: DDR4
  AddrMapper:
    impl: RoBaRaCoCh


  Controller:
    impl: Generic
    id: Channel 0
    avg_read_latency_0: 13.9719467
    read_queue_len_avg_0: 32.8938675
    write_queue_len_0: 60778
    queue_len_0: 122617
    num_other_reqs_0: 0
    num_write_reqs_0: 1471
    read_latency_0: 49307
    priority_queue_len_avg_0: 0.0869333297
    row_hits_0: 85
    priority_queue_len_0: 163
    row_misses_0: 67
    row_conflicts_0: 294
    read_row_misses_0: 7
    queue_len_avg_0: 65.3957367
    read_row_conflicts_core_0: 0
    read_row_hits_0: 0
    write_queue_len_avg_0: 32.4149323
    read_row_conflicts_0: 0
    write_row_misses_0: 60
    write_row_conflicts_0: 294
    read_queue_len_0: 61676
    write_row_hits_0: 85
    read_row_hits_core_0: 0
    read_row_misses_core_0: 0
    num_read_reqs_0: 3529
    Scheduler:
      impl: FRFCFS
    RefreshManager:
      impl: AllBank


    RowPolicy:
      impl: ClosedRowPolicy
      num_close_reqs: 4
    ControllerPlugin:
      impl: TraceRecorder



