[Ramulator::ReadWriteTrace] [info] Loading trace file ../traces/l2miss_dense.trace ...
[Ramulator::ReadWriteTrace] [info] Loaded 20000 lines.
Frontend:
  impl: ReadWriteTrace

MemorySystem:
  impl: GenericDRAM
  total_num_other_requests: 0
  total_num_write_requests: 300
  total_num_read_requests: 14079
  memory_system_cycles: 7500
  DRAM:
    impl: DDR4
  AddrMapper:
    impl: RoBaRaCoCh


  Controller:
    impl: Generic
    id: Channel 0
    avg_read_latency_0: 1060.61841
    read_queue_len_avg_0: 3301.86938
    write_queue_len_0: 246607
    queue_len_0: 25013576
    num_other_reqs_0: 0
    num_write_reqs_0: 5921
    read_latency_0: 14932447
    priority_queue_len_avg_0: 0.393066674
    row_hits_0: 201
    priority_queue_len_0: 2948
    row_misses_0: 67
    row_conflicts_0: 0
    read_row_misses_0: 1
    queue_len_avg_0: 3335.14355
    read_row_conflicts_core_0: 0
    read_row_hits_0: 0
    write_queue_len_avg_0: 32.8809319
    read_row_conflicts_0: 0
    write_row_misses_0: 66
    write_row_conflicts_0: 0
    read_queue_len_0: 24764021
    write_row_hits_0: 201
    read_row_hits_core_0: 0
    read_row_misses_core_0: 0
    num_read_reqs_0: 14079
    Scheduler:
      impl: FRFCFS
    RefreshManager:
      impl: AllBank


    RowPolicy:
      impl: ClosedRowPolicy
      num_close_reqs: 67
    ControllerPlugin:
      impl: TraceRecorder



