[Ramulator::ReadWriteTrace] [info] Loading trace file ../traces/l2miss_multibank.trace ...
[Ramulator::ReadWriteTrace] [info] Loaded 20000 lines.
[RoBaRaCoCh] raw_addr=200001472 -> 0 0 3 3 762 31 
[RoBaRaCoCh] raw_addr=200001152 -> 0 0 3 3 762 26 
[RoBaRaCoCh] raw_addr=200001472 -> 0 0 3 3 762 31 
[RoBaRaCoCh] raw_addr=200001728 -> 0 0 3 3 762 35 
[RoBaRaCoCh] raw_addr=200000192 -> 0 0 3 3 762 11 
[RoBaRaCoCh] raw_addr=200000064 -> 0 0 3 3 762 9 
[RoBaRaCoCh] raw_addr=200001152 -> 0 0 3 3 762 26 
[RoBaRaCoCh] raw_addr=200002112 -> 0 0 3 3 762 41 
[RoBaRaCoCh] raw_addr=200003520 -> 0 0 3 3 762 63 
[RoBaRaCoCh] raw_addr=200002048 -> 0 0 3 3 762 40 
Frontend:
  impl: ReadWriteTrace

MemorySystem:
  impl: GenericDRAM
  total_num_other_requests: 0
  total_num_write_requests: 1082
  total_num_read_requests: 8678
  memory_system_cycles: 7500
  DRAM:
    impl: DDR4
  AddrMapper:
    impl: RoBaRaCoCh


  Controller:
    impl: Generic
    id: Channel 0
    avg_read_latency_0: 1818.00098
    read_queue_len_avg_0: 899.452637
    write_queue_len_0: 3649207
    queue_len_0: 10401218
    num_other_reqs_0: 0
    num_write_reqs_0: 5987
    read_latency_0: 25475649
    priority_queue_len_avg_0: 0.815466642
    row_hits_0: 427
    priority_queue_len_0: 6116
    row_misses_0: 150
    row_conflicts_0: 0
    read_row_misses_0: 6
    queue_len_avg_0: 1386.8291
    read_row_conflicts_core_0: 0
    read_row_hits_0: 1
    write_queue_len_avg_0: 486.560944
    read_row_conflicts_0: 0
    write_row_misses_0: 144
    write_row_conflicts_0: 0
    read_queue_len_0: 6745895
    write_row_hits_0: 426
    read_row_hits_core_0: 0
    read_row_misses_core_0: 0
    num_read_reqs_0: 14013
    Scheduler:
      impl: FRFCFS
    RefreshManager:
      impl: AllBank


    RowPolicy:
      impl: ClosedRowPolicy
      num_close_reqs: 139
    ControllerPlugin:
      impl: TraceRecorder



