[Ramulator::ReadWriteTrace] [info] Loading trace file ../traces/l2miss_multibank.trace ...
[Ramulator::ReadWriteTrace] [info] Loaded 20000 lines.
[ChRaBaRoCo] raw_addr=200001472 -> 0 0 0 0 24414 31 
[ChRaBaRoCo] raw_addr=200001152 -> 0 0 0 0 24414 26 
[ChRaBaRoCo] raw_addr=200001472 -> 0 0 0 0 24414 31 
[ChRaBaRoCo] raw_addr=200001728 -> 0 0 0 0 24414 35 
[ChRaBaRoCo] raw_addr=200000192 -> 0 0 0 0 24414 11 
[ChRaBaRoCo] raw_addr=200000064 -> 0 0 0 0 24414 9 
[ChRaBaRoCo] raw_addr=200001152 -> 0 0 0 0 24414 26 
[ChRaBaRoCo] raw_addr=200002112 -> 0 0 0 0 24414 41 
[ChRaBaRoCo] raw_addr=200003520 -> 0 0 0 0 24414 63 
[ChRaBaRoCo] raw_addr=200002048 -> 0 0 0 0 24414 40 
Frontend:
  impl: ReadWriteTrace

MemorySystem:
  impl: GenericDRAM
  total_num_other_requests: 0
  total_num_write_requests: 5987
  total_num_read_requests: 14013
  memory_system_cycles: 7500
  DRAM:
    impl: DDR4
  AddrMapper:
    impl: ChRaBaRoCo


  Controller:
    impl: Generic
    id: Channel 0
    avg_read_latency_0: 1292.77673
    read_queue_len_avg_0: 3462.2583
    write_queue_len_0: 22538920
    queue_len_0: 48506986
    num_other_reqs_0: 0
    num_write_reqs_0: 5987
    read_latency_0: 18115681
    priority_queue_len_avg_0: 0.150399998
    row_hits_0: 282
    priority_queue_len_0: 1128
    row_misses_0: 94
    row_conflicts_0: 0
    read_row_misses_0: 94
    queue_len_avg_0: 6467.59766
    read_row_conflicts_core_0: 0
    read_row_hits_0: 282
    write_queue_len_avg_0: 3005.18945
    read_row_conflicts_0: 0
    write_row_misses_0: 0
    write_row_conflicts_0: 0
    read_queue_len_0: 25966938
    write_row_hits_0: 0
    read_row_hits_core_0: 0
    read_row_misses_core_0: 0
    num_read_reqs_0: 14013
    Scheduler:
      impl: FRFCFS
    RefreshManager:
      impl: AllBank


    RowPolicy:
      impl: ClosedRowPolicy
      num_close_reqs: 94
    ControllerPlugin:
      impl: TraceRecorder



