[Ramulator::ReadWriteTrace] [info] Loading trace file ../traces/l2miss_multibank.trace ...
[Ramulator::ReadWriteTrace] [info] Loaded 20000 lines.
[RoBaRaCoCh] raw_addr=200001472 -> 1 1 3 1 381 15 
[RoBaRaCoCh] raw_addr=200001152 -> 0 1 3 1 381 13 
[RoBaRaCoCh] raw_addr=200001472 -> 1 1 3 1 381 15 
[RoBaRaCoCh] raw_addr=200001728 -> 1 1 3 1 381 17 
[RoBaRaCoCh] raw_addr=200000192 -> 1 1 3 1 381 5 
[RoBaRaCoCh] raw_addr=200000064 -> 1 1 3 1 381 4 
[RoBaRaCoCh] raw_addr=200001152 -> 0 1 3 1 381 13 
[RoBaRaCoCh] raw_addr=200002112 -> 1 1 3 1 381 20 
[RoBaRaCoCh] raw_addr=200003520 -> 1 1 3 1 381 31 
[RoBaRaCoCh] raw_addr=200002048 -> 0 1 3 1 381 20 
Frontend:
  impl: ReadWriteTrace

MemorySystem:
  impl: GenericDRAM
  total_num_other_requests: 0
  total_num_write_requests: 5987
  total_num_read_requests: 14013
  memory_system_cycles: 7500
  DRAM:
    impl: DDR4
  AddrMapper:
    impl: RoBaRaCoCh


  Controller:
    impl: Generic
    id: Channel 0
    avg_read_latency_0: 3774.02588
    read_queue_len_avg_0: 199.925201
    write_queue_len_0: 10881170
    queue_len_0: 12385341
    num_other_reqs_0: 0
    num_write_reqs_0: 3019
    read_latency_0: 26557820
    priority_queue_len_avg_0: 0.630933344
    row_hits_0: 675
    priority_queue_len_0: 4732
    row_misses_0: 230
    row_conflicts_0: 0
    read_row_misses_0: 163
    queue_len_avg_0: 1651.37878
    read_row_conflicts_core_0: 0
    read_row_hits_0: 478
    write_queue_len_avg_0: 1450.82263
    read_row_conflicts_0: 0
    write_row_misses_0: 67
    write_row_conflicts_0: 0
    read_queue_len_0: 1499439
    write_row_hits_0: 197
    read_row_hits_core_0: 0
    read_row_misses_core_0: 0
    num_read_reqs_0: 7037
    Scheduler:
      impl: FRFCFS
    RefreshManager:
      impl: AllBank


    RowPolicy:
      impl: ClosedRowPolicy
      num_close_reqs: 222
    ControllerPlugin:
      impl: TraceRecorder



  Controller:
    impl: Generic
    id: Channel 1
    read_queue_len_avg_1: 133.994659
    priority_queue_len_1: 4931
    write_queue_len_1: 10640440
    num_write_reqs_1: 2968
    row_hits_1: 653
    row_misses_1: 225
    avg_read_latency_1: 3826.06787
    queue_len_avg_1: 1553.37744
    read_queue_len_1: 1004960
    read_row_misses_1: 152
    priority_queue_len_avg_1: 0.65746665
    read_row_hits_1: 439
    queue_len_1: 11650331
    read_row_conflicts_1: 0
    num_read_reqs_1: 6976
    num_other_reqs_1: 0
    row_conflicts_1: 0
    write_row_hits_1: 214
    write_queue_len_avg_1: 1418.72534
    write_row_misses_1: 73
    write_row_conflicts_1: 0
    read_row_hits_core_0: 0
    read_row_misses_core_0: 0
    read_latency_1: 26690650
    read_row_conflicts_core_0: 0
    Scheduler:
      impl: FRFCFS
    RefreshManager:
      impl: AllBank


    RowPolicy:
      impl: ClosedRowPolicy
      num_close_reqs: 216
    ControllerPlugin:
      impl: TraceRecorder



