[Ramulator::ReadWriteTrace] [info] Loading trace file ../traces/l2miss.trace ...
[Ramulator::ReadWriteTrace] [info] Loaded 5000 lines.
[RoBaRaCoCh] raw_addr=268435520 -> 0 0 0 0 1024 1 
[RoBaRaCoCh] raw_addr=268435584 -> 0 0 0 0 1024 2 
[RoBaRaCoCh] raw_addr=268435520 -> 0 0 0 0 1024 1 
[RoBaRaCoCh] raw_addr=268435584 -> 0 0 0 0 1024 2 
[RoBaRaCoCh] raw_addr=268435520 -> 0 0 0 0 1024 1 
[RoBaRaCoCh] raw_addr=268435456 -> 0 0 0 0 1024 0 
[RoBaRaCoCh] raw_addr=268435520 -> 0 0 0 0 1024 1 
[RoBaRaCoCh] raw_addr=268435584 -> 0 0 0 0 1024 2 
[RoBaRaCoCh] raw_addr=268435648 -> 0 0 0 0 1024 3 
[RoBaRaCoCh] raw_addr=268435712 -> 0 0 0 0 1024 4 
Frontend:
  impl: ReadWriteTrace

MemorySystem:
  impl: GenericDRAM
  total_num_other_requests: 0
  total_num_write_requests: 1471
  total_num_read_requests: 3529
  memory_system_cycles: 1875
  DRAM:
    impl: DDR4
  AddrMapper:
    impl: RoBaRaCoCh


  Controller:
    impl: Generic
    id: Channel 0
    avg_read_latency_0: 159.871063
    read_queue_len_avg_0: 1446.4165
    write_queue_len_0: 1367893
    queue_len_0: 4080011
    num_other_reqs_0: 0
    num_write_reqs_0: 1471
    read_latency_0: 564185
    priority_queue_len_avg_0: 0.0463999994
    row_hits_0: 91
    priority_queue_len_0: 87
    row_misses_0: 252
    row_conflicts_0: 135
    read_row_misses_0: 251
    queue_len_avg_0: 2176.00586
    read_row_conflicts_core_0: 0
    read_row_hits_0: 91
    write_queue_len_avg_0: 729.542908
    read_row_conflicts_0: 135
    write_row_misses_0: 1
    write_row_conflicts_0: 0
    read_queue_len_0: 2712031
    write_row_hits_0: 0
    read_row_hits_core_0: 0
    read_row_misses_core_0: 0
    num_read_reqs_0: 3529
    Scheduler:
      impl: FRFCFS
    RefreshManager:
      impl: AllBank


    RowPolicy:
      impl: ClosedRowPolicy
      num_close_reqs: 7
    ControllerPlugin:
      impl: TraceRecorder



