[Ramulator::ReadWriteTrace] [info] Loading trace file ../traces/l2miss_multibank_long.trace ...
[Ramulator::ReadWriteTrace] [info] Loaded 200000 lines.
[RoBaRaCoCh] raw_addr=200001472 -> 1 1 3 1 381 15 
[RoBaRaCoCh] raw_addr=200001152 -> 0 1 3 1 381 13 
[RoBaRaCoCh] raw_addr=200001472 -> 1 1 3 1 381 15 
[RoBaRaCoCh] raw_addr=200001728 -> 1 1 3 1 381 17 
[RoBaRaCoCh] raw_addr=200000192 -> 1 1 3 1 381 5 
[RoBaRaCoCh] raw_addr=200000064 -> 1 1 3 1 381 4 
[RoBaRaCoCh] raw_addr=200001152 -> 0 1 3 1 381 13 
[RoBaRaCoCh] raw_addr=200002112 -> 1 1 3 1 381 20 
[RoBaRaCoCh] raw_addr=200003520 -> 1 1 3 1 381 31 
[RoBaRaCoCh] raw_addr=200002048 -> 0 1 3 1 381 20 
Frontend:
  impl: ReadWriteTrace

MemorySystem:
  impl: GenericDRAM
  total_num_other_requests: 0
  total_num_write_requests: 10863
  total_num_read_requests: 17764
  memory_system_cycles: 75000
  DRAM:
    impl: DDR4
  AddrMapper:
    impl: RoBaRaCoCh


  Controller:
    impl: Generic
    id: Channel 0
    avg_read_latency_0: 4728.6626
    read_queue_len_avg_0: 33.1215057
    write_queue_len_0: 2457218
    queue_len_0: 5000677
    num_other_reqs_0: 0
    num_write_reqs_0: 30045
    read_latency_0: 332689797
    priority_queue_len_avg_0: 0.791279972
    row_hits_0: 4030
    priority_queue_len_0: 59346
    row_misses_0: 1375
    row_conflicts_0: 0
    read_row_misses_0: 5
    queue_len_avg_0: 66.6756897
    read_row_conflicts_core_0: 0
    read_row_hits_0: 4
    write_queue_len_avg_0: 32.7629051
    read_row_conflicts_0: 0
    write_row_misses_0: 1370
    write_row_conflicts_0: 0
    read_queue_len_0: 2484113
    write_row_hits_0: 4026
    read_row_hits_core_0: 0
    read_row_misses_core_0: 0
    num_read_reqs_0: 70356
    Scheduler:
      impl: FRFCFS
    RefreshManager:
      impl: AllBank


    RowPolicy:
      impl: ClosedRowPolicy
      num_close_reqs: 1332
    ControllerPlugin:
      impl: TraceRecorder



  Controller:
    impl: Generic
    id: Channel 1
    read_queue_len_avg_1: 33.1236649
    priority_queue_len_1: 59342
    write_queue_len_1: 2456781
    num_write_reqs_1: 29939
    row_hits_1: 4035
    row_misses_1: 1376
    avg_read_latency_1: 4815.63379
    queue_len_avg_1: 66.6719742
    read_queue_len_1: 2484275
    read_row_misses_1: 5
    priority_queue_len_avg_1: 0.791226685
    read_row_hits_1: 5
    queue_len_1: 5000398
    read_row_conflicts_1: 0
    num_read_reqs_1: 69660
    num_other_reqs_1: 0
    row_conflicts_1: 0
    write_row_hits_1: 4030
    write_queue_len_avg_1: 32.7570801
    write_row_misses_1: 1371
    write_row_conflicts_1: 0
    read_row_hits_core_0: 0
    read_row_misses_core_0: 0
    read_latency_1: 335457046
    read_row_conflicts_core_0: 0
    Scheduler:
      impl: FRFCFS
    RefreshManager:
      impl: AllBank


    RowPolicy:
      impl: ClosedRowPolicy
      num_close_reqs: 1332
    ControllerPlugin:
      impl: TraceRecorder



