[Ramulator::ReadWriteTrace] [info] Loading trace file ../traces/l2miss_multibank.trace ...
[Ramulator::ReadWriteTrace] [info] Loaded 20000 lines.
[RoBaRaCoCh] raw_addr=200001472 -> 1 1 3 1 381 15 
[RoBaRaCoCh] raw_addr=200001152 -> 0 1 3 1 381 13 
[RoBaRaCoCh] raw_addr=200001472 -> 1 1 3 1 381 15 
[RoBaRaCoCh] raw_addr=200001728 -> 1 1 3 1 381 17 
[RoBaRaCoCh] raw_addr=200000192 -> 1 1 3 1 381 5 
[RoBaRaCoCh] raw_addr=200000064 -> 1 1 3 1 381 4 
[RoBaRaCoCh] raw_addr=200001152 -> 0 1 3 1 381 13 
[RoBaRaCoCh] raw_addr=200002112 -> 1 1 3 1 381 20 
[RoBaRaCoCh] raw_addr=200003520 -> 1 1 3 1 381 31 
[RoBaRaCoCh] raw_addr=200002048 -> 0 1 3 1 381 20 
Frontend:
  impl: ReadWriteTrace

MemorySystem:
  impl: GenericDRAM
  total_num_other_requests: 0
  total_num_write_requests: 2864
  total_num_read_requests: 14013
  memory_system_cycles: 7500
  DRAM:
    impl: DDR4
  AddrMapper:
    impl: RoBaRaCoCh


  Controller:
    impl: Generic
    id: Channel 0
    avg_read_latency_0: 3656.38989
    read_queue_len_avg_0: 316.389343
    write_queue_len_0: 6348853
    queue_len_0: 8727278
    num_other_reqs_0: 0
    num_write_reqs_0: 3019
    read_latency_0: 25730016
    priority_queue_len_avg_0: 0.734000027
    row_hits_0: 571
    priority_queue_len_0: 5505
    row_misses_0: 196
    row_conflicts_0: 0
    read_row_misses_0: 93
    queue_len_avg_0: 1163.63708
    read_row_conflicts_core_0: 0
    read_row_hits_0: 264
    write_queue_len_avg_0: 846.513733
    read_row_conflicts_0: 0
    write_row_misses_0: 103
    write_row_conflicts_0: 0
    read_queue_len_0: 2372920
    write_row_hits_0: 307
    read_row_hits_core_0: 0
    read_row_misses_core_0: 0
    num_read_reqs_0: 7037
    Scheduler:
      impl: FRFCFS
    RefreshManager:
      impl: AllBank


    RowPolicy:
      impl: ClosedRowPolicy
      num_close_reqs: 188
    ControllerPlugin:
      impl: TraceRecorder



  Controller:
    impl: Generic
    id: Channel 1
    read_queue_len_avg_1: 274.188538
    priority_queue_len_1: 5547
    write_queue_len_1: 6340664
    num_write_reqs_1: 2968
    row_hits_1: 576
    row_misses_1: 199
    avg_read_latency_1: 3658.46118
    queue_len_avg_1: 1120.34998
    read_queue_len_1: 2056414
    read_row_misses_1: 96
    priority_queue_len_avg_1: 0.739600003
    read_row_hits_1: 275
    queue_len_1: 8402625
    read_row_conflicts_1: 0
    num_read_reqs_1: 6976
    num_other_reqs_1: 0
    row_conflicts_1: 0
    write_row_hits_1: 301
    write_queue_len_avg_1: 845.421875
    write_row_misses_1: 103
    write_row_conflicts_1: 0
    read_row_hits_core_0: 0
    read_row_misses_core_0: 0
    read_latency_1: 25521426
    read_row_conflicts_core_0: 0
    Scheduler:
      impl: FRFCFS
    RefreshManager:
      impl: AllBank


    RowPolicy:
      impl: ClosedRowPolicy
      num_close_reqs: 190
    ControllerPlugin:
      impl: TraceRecorder



